

================================================================
== Vitis HLS Report for 'kernel_nlp'
================================================================
* Date:           Mon Jun 22 11:02:21 2026

* Version:        2025.1 (Build 6135595 on May 21 2025)
* Project:        build_output.xcv80-lsva4737-2MHP-e-S
* Solution:       sol1 (Vivado IP Flow Target)
* Product family: versalhbm
* Target device:  xcv80-lsva4737-2MHP-e-S


================================================================
== Performance Estimates
================================================================
+ Timing: 
    * Summary: 
    +--------+---------+----------+------------+
    |  Clock |  Target | Estimated| Uncertainty|
    +--------+---------+----------+------------+
    |ap_clk  |  3.33 ns|  2.431 ns|     0.90 ns|
    +--------+---------+----------+------------+

+ Latency: 
    * Summary: 
    +---------+---------+-----------+-----------+---------+---------+----------+
    |  Latency (cycles) |   Latency (absolute)  |      Interval     | Pipeline |
    |   min   |   max   |    min    |    max    |   min   |   max   |   Type   |
    +---------+---------+-----------+-----------+---------+---------+----------+
    |  3651775|  3657121|  12.160 ms|  12.178 ms|  3651764|  3657110|  dataflow|
    +---------+---------+-----------+-----------+---------+---------+----------+

    + Detail: 
        * Instance: 
        +-----------------------------------+--------------------------------+---------+---------+-----------+-----------+---------+---------+------------------------------------------------+
        |                                   |                                |  Latency (cycles) |   Latency (absolute)  |      Interval     |                    Pipeline                    |
        |              Instance             |             Module             |   min   |   max   |    min    |    max    |   min   |   max   |                      Type                      |
        +-----------------------------------+--------------------------------+---------+---------+-----------+-----------+---------+---------+------------------------------------------------+
        |load_vonnxMatMul1626_for_task2_U0  |load_vonnxMatMul1626_for_task2  |    36877|    36877|   0.123 ms|   0.123 ms|    36864|    36864|  loop auto-rewind stp (delay=0 clock cycles(s))|
        |load_vonnxMatMul257_for_task2_U0   |load_vonnxMatMul257_for_task2   |     9469|     9469|  31.532 us|  31.532 us|     9456|     9456|  loop auto-rewind stp (delay=0 clock cycles(s))|
        |load_vonnxAdd279_for_task2_U0      |load_vonnxAdd279_for_task2      |     9469|     9469|  31.532 us|  31.532 us|     9456|     9456|  loop auto-rewind stp (delay=0 clock cycles(s))|
        |load_vonnxMatMul257_for_task0_U0   |load_vonnxMatMul257_for_task0   |     9469|     9469|  31.532 us|  31.532 us|     9456|     9456|  loop auto-rewind stp (delay=0 clock cycles(s))|
        |load_vonnxMatMul1622_for_task0_U0  |load_vonnxMatMul1622_for_task0  |    36877|    36877|   0.123 ms|   0.123 ms|    36864|    36864|  loop auto-rewind stp (delay=0 clock cycles(s))|
        |load_vonnxAdd259_for_task0_U0      |load_vonnxAdd259_for_task0      |     9469|     9469|  31.532 us|  31.532 us|     9456|     9456|  loop auto-rewind stp (delay=0 clock cycles(s))|
        |load_vonnxMatMul257_for_task1_U0   |load_vonnxMatMul257_for_task1   |     9469|     9469|  31.532 us|  31.532 us|     9456|     9456|  loop auto-rewind stp (delay=0 clock cycles(s))|
        |load_vonnxAdd262_for_task1_U0      |load_vonnxAdd262_for_task1      |     9469|     9469|  31.532 us|  31.532 us|     9456|     9456|  loop auto-rewind stp (delay=0 clock cycles(s))|
        |load_vonnxMatMul1623_for_task1_U0  |load_vonnxMatMul1623_for_task1  |    36877|    36877|   0.123 ms|   0.123 ms|    36864|    36864|  loop auto-rewind stp (delay=0 clock cycles(s))|
        |load_vonnxDiv312_for_task3_U0      |load_vonnxDiv312_for_task3      |     9469|     9469|  31.532 us|  31.532 us|     9456|     9456|  loop auto-rewind stp (delay=0 clock cycles(s))|
        |load_vonnxMatMul310_for_task3_U0   |load_vonnxMatMul310_for_task3   |     9469|     9469|  31.532 us|  31.532 us|     9456|     9456|  loop auto-rewind stp (delay=0 clock cycles(s))|
        |load_vonnxMatMul311_for_task3_U0   |load_vonnxMatMul311_for_task3   |    36877|    36877|   0.123 ms|   0.123 ms|    36864|    36864|  loop auto-rewind stp (delay=0 clock cycles(s))|
        |FT0_level0_U0                      |FT0_level0                      |  3651763|  3657109|  12.160 ms|  12.178 ms|  3651763|  3657109|                                              no|
        |FT1_level0_U0                      |FT1_level0                      |  3651763|  3657109|  12.160 ms|  12.178 ms|  3651763|  3657109|                                              no|
        |FT2_level0_U0                      |FT2_level0                      |  3651763|  3657109|  12.160 ms|  12.178 ms|  3651763|  3657109|                                              no|
        |FT3_level0_U0                      |FT3_level0                      |  3651763|  3657109|  12.160 ms|  12.178 ms|  3651763|  3657109|                                              no|
        |store_vonnxAdd259_for_task0_U0     |store_vonnxAdd259_for_task0     |     9470|     9470|  31.535 us|  31.535 us|     9456|     9456|  loop auto-rewind stp (delay=0 clock cycles(s))|
        |store_vonnxAdd262_for_task1_U0     |store_vonnxAdd262_for_task1     |     9470|     9470|  31.535 us|  31.535 us|     9456|     9456|  loop auto-rewind stp (delay=0 clock cycles(s))|
        |store_vonnxAdd279_for_task2_U0     |store_vonnxAdd279_for_task2     |     9470|     9470|  31.535 us|  31.535 us|     9456|     9456|  loop auto-rewind stp (delay=0 clock cycles(s))|
        |store_vonnxDiv312_for_task3_U0     |store_vonnxDiv312_for_task3     |     9470|     9470|  31.535 us|  31.535 us|     9456|     9456|  loop auto-rewind stp (delay=0 clock cycles(s))|
        +-----------------------------------+--------------------------------+---------+---------+-----------+-----------+---------+---------+------------------------------------------------+

        * Loop: 
        N/A



================================================================
== Utilization Estimates
================================================================
* Summary: 
+---------------------+---------+-------+---------+---------+------+
|         Name        | BRAM_18K|  DSP  |    FF   |   LUT   | URAM |
+---------------------+---------+-------+---------+---------+------+
|DSP                  |        -|      -|        -|        -|     -|
|Expression           |        -|      -|        0|       56|     -|
|FIFO                 |      240|      -|      684|     1072|     -|
|Instance             |     3780|    128|   365679|   689915|     0|
|Memory               |        -|      -|        -|        -|     -|
|Multiplexer          |        -|      -|        0|       12|     -|
|Register             |        -|      -|       12|        -|     -|
+---------------------+---------+-------+---------+---------+------+
|Total                |     4020|    128|   366375|   691055|     0|
+---------------------+---------+-------+---------+---------+------+
|Available SLR        |     2494|   3616|  1716138|   858069|   641|
+---------------------+---------+-------+---------+---------+------+
|Utilization SLR (%)  |      161|      3|       21|       80|     0|
+---------------------+---------+-------+---------+---------+------+
|Available            |     7482|  10848|  5148416|  2574208|  1925|
+---------------------+---------+-------+---------+---------+------+
|Utilization (%)      |       53|      1|        7|       26|     0|
+---------------------+---------+-------+---------+---------+------+

+ Detail: 
    * Instance: 
    +------------------------------------------+----------------------------------------+---------+----+-------+--------+-----+
    |                 Instance                 |                 Module                 | BRAM_18K| DSP|   FF  |   LUT  | URAM|
    +------------------------------------------+----------------------------------------+---------+----+-------+--------+-----+
    |FT0_level0_U0                             |FT0_level0                              |      900|  32|  81717|  167480|    0|
    |FT1_level0_U0                             |FT1_level0                              |      900|  32|  81717|  167480|    0|
    |FT2_level0_U0                             |FT2_level0                              |      900|  32|  81717|  167480|    0|
    |FT3_level0_U0                             |FT3_level0                              |      900|  32|  81717|  167480|    0|
    |control_s_axi_U                           |control_s_axi                           |        0|   0|    876|    1576|    0|
    |kernel_vonnxAdd259_for_task0_m_axi_U      |kernel_vonnxAdd259_for_task0_m_axi      |       15|   0|   4778|    2391|    0|
    |kernel_vonnxAdd262_for_task1_m_axi_U      |kernel_vonnxAdd262_for_task1_m_axi      |       15|   0|   4778|    2391|    0|
    |kernel_vonnxAdd279_for_task2_m_axi_U      |kernel_vonnxAdd279_for_task2_m_axi      |       15|   0|   4778|    2391|    0|
    |kernel_vonnxDiv312_for_task3_m_axi_U      |kernel_vonnxDiv312_for_task3_m_axi      |       15|   0|   4778|    2391|    0|
    |kernel_vonnxMatMul1622_for_task0_m_axi_U  |kernel_vonnxMatMul1622_for_task0_m_axi  |       15|   0|   2170|     957|    0|
    |kernel_vonnxMatMul1623_for_task1_m_axi_U  |kernel_vonnxMatMul1623_for_task1_m_axi  |       15|   0|   2170|     957|    0|
    |kernel_vonnxMatMul1626_for_task2_m_axi_U  |kernel_vonnxMatMul1626_for_task2_m_axi  |       15|   0|   2170|     957|    0|
    |kernel_vonnxMatMul257_for_task0_m_axi_U   |kernel_vonnxMatMul257_for_task0_m_axi   |       15|   0|   2170|     957|    0|
    |kernel_vonnxMatMul257_for_task1_m_axi_U   |kernel_vonnxMatMul257_for_task1_m_axi   |       15|   0|   2170|     957|    0|
    |kernel_vonnxMatMul257_for_task2_m_axi_U   |kernel_vonnxMatMul257_for_task2_m_axi   |       15|   0|   2170|     957|    0|
    |kernel_vonnxMatMul310_for_task3_m_axi_U   |kernel_vonnxMatMul310_for_task3_m_axi   |       15|   0|   2170|     957|    0|
    |kernel_vonnxMatMul311_for_task3_m_axi_U   |kernel_vonnxMatMul311_for_task3_m_axi   |       15|   0|   2170|     957|    0|
    |load_vonnxAdd259_for_task0_U0             |load_vonnxAdd259_for_task0              |        0|   0|    107|      75|    0|
    |load_vonnxAdd262_for_task1_U0             |load_vonnxAdd262_for_task1              |        0|   0|    107|      75|    0|
    |load_vonnxAdd279_for_task2_U0             |load_vonnxAdd279_for_task2              |        0|   0|    107|      75|    0|
    |load_vonnxDiv312_for_task3_U0             |load_vonnxDiv312_for_task3              |        0|   0|    107|      75|    0|
    |load_vonnxMatMul1622_for_task0_U0         |load_vonnxMatMul1622_for_task0          |        0|   0|    108|      74|    0|
    |load_vonnxMatMul1623_for_task1_U0         |load_vonnxMatMul1623_for_task1          |        0|   0|    108|      74|    0|
    |load_vonnxMatMul1626_for_task2_U0         |load_vonnxMatMul1626_for_task2          |        0|   0|    109|      75|    0|
    |load_vonnxMatMul257_for_task0_U0          |load_vonnxMatMul257_for_task0           |        0|   0|    107|      72|    0|
    |load_vonnxMatMul257_for_task1_U0          |load_vonnxMatMul257_for_task1           |        0|   0|    107|      72|    0|
    |load_vonnxMatMul257_for_task2_U0          |load_vonnxMatMul257_for_task2           |        0|   0|    106|      71|    0|
    |load_vonnxMatMul310_for_task3_U0          |load_vonnxMatMul310_for_task3           |        0|   0|    106|      71|    0|
    |load_vonnxMatMul311_for_task3_U0          |load_vonnxMatMul311_for_task3           |        0|   0|    108|      74|    0|
    |store_vonnxAdd259_for_task0_U0            |store_vonnxAdd259_for_task0             |        0|   0|     44|      79|    0|
    |store_vonnxAdd262_for_task1_U0            |store_vonnxAdd262_for_task1             |        0|   0|     44|      79|    0|
    |store_vonnxAdd279_for_task2_U0            |store_vonnxAdd279_for_task2             |        0|   0|     44|      79|    0|
    |store_vonnxDiv312_for_task3_U0            |store_vonnxDiv312_for_task3             |        0|   0|     44|      79|    0|
    +------------------------------------------+----------------------------------------+---------+----+-------+--------+-----+
    |Total                                     |                                        |     3780| 128| 365679|  689915|    0|
    +------------------------------------------+----------------------------------------+---------+----+-------+--------+-----+

    * DSP: 
    N/A

    * Memory: 
    N/A

    * FIFO: 
    +-------------------------------------------+---------+----+----+-----+------+-----+---------+
    |                    Name                   | BRAM_18K| FF | LUT| URAM| Depth| Bits| Size:D*B|
    +-------------------------------------------+---------+----+----+-----+------+-----+---------+
    |fifo_onnxAdd259_from_off_chip_to_S0_U      |       15|  41|   0|    -|   512|  512|   262144|
    |fifo_onnxAdd259_to_off_chip_U              |       15|  41|   0|    -|   512|  512|   262144|
    |fifo_onnxAdd262_from_off_chip_to_S1_U      |       15|  41|   0|    -|   512|  512|   262144|
    |fifo_onnxAdd262_to_off_chip_U              |       15|  41|   0|    -|   512|  512|   262144|
    |fifo_onnxAdd279_from_off_chip_to_S2_U      |       15|  41|   0|    -|   512|  512|   262144|
    |fifo_onnxAdd279_to_off_chip_U              |       15|  41|   0|    -|   512|  512|   262144|
    |fifo_onnxDiv312_from_off_chip_to_S3_U      |       15|  41|   0|    -|   512|  512|   262144|
    |fifo_onnxDiv312_to_off_chip_U              |       15|  41|   0|    -|   512|  512|   262144|
    |fifo_onnxMatMul1622_from_off_chip_to_S0_U  |       15|  41|   0|    -|   512|  512|   262144|
    |fifo_onnxMatMul1623_from_off_chip_to_S1_U  |       15|  41|   0|    -|   512|  512|   262144|
    |fifo_onnxMatMul1626_from_off_chip_to_S2_U  |       15|  41|   0|    -|   512|  512|   262144|
    |fifo_onnxMatMul257_from_off_chip_to_S0_U   |       15|  41|   0|    -|   512|  512|   262144|
    |fifo_onnxMatMul257_from_off_chip_to_S1_U   |       15|  41|   0|    -|   512|  512|   262144|
    |fifo_onnxMatMul257_from_off_chip_to_S2_U   |       15|  41|   0|    -|   512|  512|   262144|
    |fifo_onnxMatMul310_from_off_chip_to_S3_U   |       15|  41|   0|    -|   512|  512|   262144|
    |fifo_onnxMatMul311_from_off_chip_to_S3_U   |       15|  41|   0|    -|   512|  512|   262144|
    |vonnxAdd259_for_task0_c_U                  |        0|   7|   0|    -|     3|   64|      192|
    |vonnxAdd262_for_task1_c_U                  |        0|   7|   0|    -|     3|   64|      192|
    |vonnxAdd279_for_task2_c_U                  |        0|   7|   0|    -|     3|   64|      192|
    |vonnxDiv312_for_task3_c_U                  |        0|   7|   0|    -|     3|   64|      192|
    +-------------------------------------------+---------+----+----+-----+------+-----+---------+
    |Total                                      |      240| 684|   0|    0|  8204| 8448|  4195072|
    +-------------------------------------------+---------+----+----+-----+------+-----+---------+

    * Expression: 
    +----------------------------------------------------+----------+----+---+----+------------+------------+
    |                    Variable Name                   | Operation| DSP| FF| LUT| Bitwidth P0| Bitwidth P1|
    +----------------------------------------------------+----------+----+---+----+------------+------------+
    |ap_idle                                             |       and|   0|  0|   2|           1|           1|
    |ap_sync_done                                        |       and|   0|  0|   2|           1|           1|
    |ap_sync_ready                                       |       and|   0|  0|   2|           1|           1|
    |load_vonnxAdd259_for_task0_U0_ap_start              |       and|   0|  0|   2|           1|           1|
    |load_vonnxAdd262_for_task1_U0_ap_start              |       and|   0|  0|   2|           1|           1|
    |load_vonnxAdd279_for_task2_U0_ap_start              |       and|   0|  0|   2|           1|           1|
    |load_vonnxDiv312_for_task3_U0_ap_start              |       and|   0|  0|   2|           1|           1|
    |load_vonnxDiv312_for_task3_U0_start_full_n          |       and|   0|  0|   2|           1|           1|
    |load_vonnxMatMul1622_for_task0_U0_ap_start          |       and|   0|  0|   2|           1|           1|
    |load_vonnxMatMul1623_for_task1_U0_ap_start          |       and|   0|  0|   2|           1|           1|
    |load_vonnxMatMul1626_for_task2_U0_ap_start          |       and|   0|  0|   2|           1|           1|
    |load_vonnxMatMul257_for_task0_U0_ap_start           |       and|   0|  0|   2|           1|           1|
    |load_vonnxMatMul257_for_task1_U0_ap_start           |       and|   0|  0|   2|           1|           1|
    |load_vonnxMatMul257_for_task2_U0_ap_start           |       and|   0|  0|   2|           1|           1|
    |load_vonnxMatMul310_for_task3_U0_ap_start           |       and|   0|  0|   2|           1|           1|
    |load_vonnxMatMul311_for_task3_U0_ap_start           |       and|   0|  0|   2|           1|           1|
    |ap_sync_load_vonnxAdd259_for_task0_U0_ap_ready      |        or|   0|  0|   2|           1|           1|
    |ap_sync_load_vonnxAdd262_for_task1_U0_ap_ready      |        or|   0|  0|   2|           1|           1|
    |ap_sync_load_vonnxAdd279_for_task2_U0_ap_ready      |        or|   0|  0|   2|           1|           1|
    |ap_sync_load_vonnxDiv312_for_task3_U0_ap_ready      |        or|   0|  0|   2|           1|           1|
    |ap_sync_load_vonnxMatMul1622_for_task0_U0_ap_ready  |        or|   0|  0|   2|           1|           1|
    |ap_sync_load_vonnxMatMul1623_for_task1_U0_ap_ready  |        or|   0|  0|   2|           1|           1|
    |ap_sync_load_vonnxMatMul1626_for_task2_U0_ap_ready  |        or|   0|  0|   2|           1|           1|
    |ap_sync_load_vonnxMatMul257_for_task0_U0_ap_ready   |        or|   0|  0|   2|           1|           1|
    |ap_sync_load_vonnxMatMul257_for_task1_U0_ap_ready   |        or|   0|  0|   2|           1|           1|
    |ap_sync_load_vonnxMatMul257_for_task2_U0_ap_ready   |        or|   0|  0|   2|           1|           1|
    |ap_sync_load_vonnxMatMul310_for_task3_U0_ap_ready   |        or|   0|  0|   2|           1|           1|
    |ap_sync_load_vonnxMatMul311_for_task3_U0_ap_ready   |        or|   0|  0|   2|           1|           1|
    +----------------------------------------------------+----------+----+---+----+------------+------------+
    |Total                                               |          |   0|  0|  56|          28|          28|
    +----------------------------------------------------+----------+----+---+----+------------+------------+

    * Multiplexer: 
    +--------------------------------------------------------+----+-----------+-----+-----------+
    |                          Name                          | LUT| Input Size| Bits| Total Bits|
    +--------------------------------------------------------+----+-----------+-----+-----------+
    |ap_sync_reg_load_vonnxAdd259_for_task0_U0_ap_ready      |   1|          2|    1|          2|
    |ap_sync_reg_load_vonnxAdd262_for_task1_U0_ap_ready      |   1|          2|    1|          2|
    |ap_sync_reg_load_vonnxAdd279_for_task2_U0_ap_ready      |   1|          2|    1|          2|
    |ap_sync_reg_load_vonnxDiv312_for_task3_U0_ap_ready      |   1|          2|    1|          2|
    |ap_sync_reg_load_vonnxMatMul1622_for_task0_U0_ap_ready  |   1|          2|    1|          2|
    |ap_sync_reg_load_vonnxMatMul1623_for_task1_U0_ap_ready  |   1|          2|    1|          2|
    |ap_sync_reg_load_vonnxMatMul1626_for_task2_U0_ap_ready  |   1|          2|    1|          2|
    |ap_sync_reg_load_vonnxMatMul257_for_task0_U0_ap_ready   |   1|          2|    1|          2|
    |ap_sync_reg_load_vonnxMatMul257_for_task1_U0_ap_ready   |   1|          2|    1|          2|
    |ap_sync_reg_load_vonnxMatMul257_for_task2_U0_ap_ready   |   1|          2|    1|          2|
    |ap_sync_reg_load_vonnxMatMul310_for_task3_U0_ap_ready   |   1|          2|    1|          2|
    |ap_sync_reg_load_vonnxMatMul311_for_task3_U0_ap_ready   |   1|          2|    1|          2|
    +--------------------------------------------------------+----+-----------+-----+-----------+
    |Total                                                   |  12|         24|   12|         24|
    +--------------------------------------------------------+----+-----------+-----+-----------+

    * Register: 
    +--------------------------------------------------------+---+----+-----+-----------+
    |                          Name                          | FF| LUT| Bits| Const Bits|
    +--------------------------------------------------------+---+----+-----+-----------+
    |ap_sync_reg_load_vonnxAdd259_for_task0_U0_ap_ready      |  1|   0|    1|          0|
    |ap_sync_reg_load_vonnxAdd262_for_task1_U0_ap_ready      |  1|   0|    1|          0|
    |ap_sync_reg_load_vonnxAdd279_for_task2_U0_ap_ready      |  1|   0|    1|          0|
    |ap_sync_reg_load_vonnxDiv312_for_task3_U0_ap_ready      |  1|   0|    1|          0|
    |ap_sync_reg_load_vonnxMatMul1622_for_task0_U0_ap_ready  |  1|   0|    1|          0|
    |ap_sync_reg_load_vonnxMatMul1623_for_task1_U0_ap_ready  |  1|   0|    1|          0|
    |ap_sync_reg_load_vonnxMatMul1626_for_task2_U0_ap_ready  |  1|   0|    1|          0|
    |ap_sync_reg_load_vonnxMatMul257_for_task0_U0_ap_ready   |  1|   0|    1|          0|
    |ap_sync_reg_load_vonnxMatMul257_for_task1_U0_ap_ready   |  1|   0|    1|          0|
    |ap_sync_reg_load_vonnxMatMul257_for_task2_U0_ap_ready   |  1|   0|    1|          0|
    |ap_sync_reg_load_vonnxMatMul310_for_task3_U0_ap_ready   |  1|   0|    1|          0|
    |ap_sync_reg_load_vonnxMatMul311_for_task3_U0_ap_ready   |  1|   0|    1|          0|
    +--------------------------------------------------------+---+----+-----+-----------+
    |Total                                                   | 12|   0|   12|          0|
    +--------------------------------------------------------+---+----+-----+-----------+



================================================================
== Interface
================================================================
* Summary: 
+-------------------------------------------------+-----+-----+------------+----------------------------------+--------------+
|                    RTL Ports                    | Dir | Bits|  Protocol  |           Source Object          |    C Type    |
+-------------------------------------------------+-----+-----+------------+----------------------------------+--------------+
|s_axi_control_AWVALID                            |   in|    1|       s_axi|                           control|        scalar|
|s_axi_control_AWREADY                            |  out|    1|       s_axi|                           control|        scalar|
|s_axi_control_AWADDR                             |   in|    8|       s_axi|                           control|        scalar|
|s_axi_control_WVALID                             |   in|    1|       s_axi|                           control|        scalar|
|s_axi_control_WREADY                             |  out|    1|       s_axi|                           control|        scalar|
|s_axi_control_WDATA                              |   in|   32|       s_axi|                           control|        scalar|
|s_axi_control_WSTRB                              |   in|    4|       s_axi|                           control|        scalar|
|s_axi_control_ARVALID                            |   in|    1|       s_axi|                           control|        scalar|
|s_axi_control_ARREADY                            |  out|    1|       s_axi|                           control|        scalar|
|s_axi_control_ARADDR                             |   in|    8|       s_axi|                           control|        scalar|
|s_axi_control_RVALID                             |  out|    1|       s_axi|                           control|        scalar|
|s_axi_control_RREADY                             |   in|    1|       s_axi|                           control|        scalar|
|s_axi_control_RDATA                              |  out|   32|       s_axi|                           control|        scalar|
|s_axi_control_RRESP                              |  out|    2|       s_axi|                           control|        scalar|
|s_axi_control_BVALID                             |  out|    1|       s_axi|                           control|        scalar|
|s_axi_control_BREADY                             |   in|    1|       s_axi|                           control|        scalar|
|s_axi_control_BRESP                              |  out|    2|       s_axi|                           control|        scalar|
|ap_clk                                           |   in|    1|  ap_ctrl_hs|                        kernel_nlp|  return value|
|ap_rst_n                                         |   in|    1|  ap_ctrl_hs|                        kernel_nlp|  return value|
|interrupt                                        |  out|    1|  ap_ctrl_hs|                        kernel_nlp|  return value|
|m_axi_kernel_vonnxAdd259_for_task0_AWVALID       |  out|    1|       m_axi|      kernel_vonnxAdd259_for_task0|       pointer|
|m_axi_kernel_vonnxAdd259_for_task0_AWREADY       |   in|    1|       m_axi|      kernel_vonnxAdd259_for_task0|       pointer|
|m_axi_kernel_vonnxAdd259_for_task0_AWADDR        |  out|   64|       m_axi|      kernel_vonnxAdd259_for_task0|       pointer|
|m_axi_kernel_vonnxAdd259_for_task0_AWID          |  out|    1|       m_axi|      kernel_vonnxAdd259_for_task0|       pointer|
|m_axi_kernel_vonnxAdd259_for_task0_AWLEN         |  out|    8|       m_axi|      kernel_vonnxAdd259_for_task0|       pointer|
|m_axi_kernel_vonnxAdd259_for_task0_AWSIZE        |  out|    3|       m_axi|      kernel_vonnxAdd259_for_task0|       pointer|
|m_axi_kernel_vonnxAdd259_for_task0_AWBURST       |  out|    2|       m_axi|      kernel_vonnxAdd259_for_task0|       pointer|
|m_axi_kernel_vonnxAdd259_for_task0_AWLOCK        |  out|    2|       m_axi|      kernel_vonnxAdd259_for_task0|       pointer|
|m_axi_kernel_vonnxAdd259_for_task0_AWCACHE       |  out|    4|       m_axi|      kernel_vonnxAdd259_for_task0|       pointer|
|m_axi_kernel_vonnxAdd259_for_task0_AWPROT        |  out|    3|       m_axi|      kernel_vonnxAdd259_for_task0|       pointer|
|m_axi_kernel_vonnxAdd259_for_task0_AWQOS         |  out|    4|       m_axi|      kernel_vonnxAdd259_for_task0|       pointer|
|m_axi_kernel_vonnxAdd259_for_task0_AWREGION      |  out|    4|       m_axi|      kernel_vonnxAdd259_for_task0|       pointer|
|m_axi_kernel_vonnxAdd259_for_task0_AWUSER        |  out|    1|       m_axi|      kernel_vonnxAdd259_for_task0|       pointer|
|m_axi_kernel_vonnxAdd259_for_task0_WVALID        |  out|    1|       m_axi|      kernel_vonnxAdd259_for_task0|       pointer|
|m_axi_kernel_vonnxAdd259_for_task0_WREADY        |   in|    1|       m_axi|      kernel_vonnxAdd259_for_task0|       pointer|
|m_axi_kernel_vonnxAdd259_for_task0_WDATA         |  out|  512|       m_axi|      kernel_vonnxAdd259_for_task0|       pointer|
|m_axi_kernel_vonnxAdd259_for_task0_WSTRB         |  out|   64|       m_axi|      kernel_vonnxAdd259_for_task0|       pointer|
|m_axi_kernel_vonnxAdd259_for_task0_WLAST         |  out|    1|       m_axi|      kernel_vonnxAdd259_for_task0|       pointer|
|m_axi_kernel_vonnxAdd259_for_task0_WID           |  out|    1|       m_axi|      kernel_vonnxAdd259_for_task0|       pointer|
|m_axi_kernel_vonnxAdd259_for_task0_WUSER         |  out|    1|       m_axi|      kernel_vonnxAdd259_for_task0|       pointer|
|m_axi_kernel_vonnxAdd259_for_task0_ARVALID       |  out|    1|       m_axi|      kernel_vonnxAdd259_for_task0|       pointer|
|m_axi_kernel_vonnxAdd259_for_task0_ARREADY       |   in|    1|       m_axi|      kernel_vonnxAdd259_for_task0|       pointer|
|m_axi_kernel_vonnxAdd259_for_task0_ARADDR        |  out|   64|       m_axi|      kernel_vonnxAdd259_for_task0|       pointer|
|m_axi_kernel_vonnxAdd259_for_task0_ARID          |  out|    1|       m_axi|      kernel_vonnxAdd259_for_task0|       pointer|
|m_axi_kernel_vonnxAdd259_for_task0_ARLEN         |  out|    8|       m_axi|      kernel_vonnxAdd259_for_task0|       pointer|
|m_axi_kernel_vonnxAdd259_for_task0_ARSIZE        |  out|    3|       m_axi|      kernel_vonnxAdd259_for_task0|       pointer|
|m_axi_kernel_vonnxAdd259_for_task0_ARBURST       |  out|    2|       m_axi|      kernel_vonnxAdd259_for_task0|       pointer|
|m_axi_kernel_vonnxAdd259_for_task0_ARLOCK        |  out|    2|       m_axi|      kernel_vonnxAdd259_for_task0|       pointer|
|m_axi_kernel_vonnxAdd259_for_task0_ARCACHE       |  out|    4|       m_axi|      kernel_vonnxAdd259_for_task0|       pointer|
|m_axi_kernel_vonnxAdd259_for_task0_ARPROT        |  out|    3|       m_axi|      kernel_vonnxAdd259_for_task0|       pointer|
|m_axi_kernel_vonnxAdd259_for_task0_ARQOS         |  out|    4|       m_axi|      kernel_vonnxAdd259_for_task0|       pointer|
|m_axi_kernel_vonnxAdd259_for_task0_ARREGION      |  out|    4|       m_axi|      kernel_vonnxAdd259_for_task0|       pointer|
|m_axi_kernel_vonnxAdd259_for_task0_ARUSER        |  out|    1|       m_axi|      kernel_vonnxAdd259_for_task0|       pointer|
|m_axi_kernel_vonnxAdd259_for_task0_RVALID        |   in|    1|       m_axi|      kernel_vonnxAdd259_for_task0|       pointer|
|m_axi_kernel_vonnxAdd259_for_task0_RREADY        |  out|    1|       m_axi|      kernel_vonnxAdd259_for_task0|       pointer|
|m_axi_kernel_vonnxAdd259_for_task0_RDATA         |   in|  512|       m_axi|      kernel_vonnxAdd259_for_task0|       pointer|
|m_axi_kernel_vonnxAdd259_for_task0_RLAST         |   in|    1|       m_axi|      kernel_vonnxAdd259_for_task0|       pointer|
|m_axi_kernel_vonnxAdd259_for_task0_RID           |   in|    1|       m_axi|      kernel_vonnxAdd259_for_task0|       pointer|
|m_axi_kernel_vonnxAdd259_for_task0_RUSER         |   in|    1|       m_axi|      kernel_vonnxAdd259_for_task0|       pointer|
|m_axi_kernel_vonnxAdd259_for_task0_RRESP         |   in|    2|       m_axi|      kernel_vonnxAdd259_for_task0|       pointer|
|m_axi_kernel_vonnxAdd259_for_task0_BVALID        |   in|    1|       m_axi|      kernel_vonnxAdd259_for_task0|       pointer|
|m_axi_kernel_vonnxAdd259_for_task0_BREADY        |  out|    1|       m_axi|      kernel_vonnxAdd259_for_task0|       pointer|
|m_axi_kernel_vonnxAdd259_for_task0_BRESP         |   in|    2|       m_axi|      kernel_vonnxAdd259_for_task0|       pointer|
|m_axi_kernel_vonnxAdd259_for_task0_BID           |   in|    1|       m_axi|      kernel_vonnxAdd259_for_task0|       pointer|
|m_axi_kernel_vonnxAdd259_for_task0_BUSER         |   in|    1|       m_axi|      kernel_vonnxAdd259_for_task0|       pointer|
|m_axi_kernel_vonnxAdd262_for_task1_AWVALID       |  out|    1|       m_axi|      kernel_vonnxAdd262_for_task1|       pointer|
|m_axi_kernel_vonnxAdd262_for_task1_AWREADY       |   in|    1|       m_axi|      kernel_vonnxAdd262_for_task1|       pointer|
|m_axi_kernel_vonnxAdd262_for_task1_AWADDR        |  out|   64|       m_axi|      kernel_vonnxAdd262_for_task1|       pointer|
|m_axi_kernel_vonnxAdd262_for_task1_AWID          |  out|    1|       m_axi|      kernel_vonnxAdd262_for_task1|       pointer|
|m_axi_kernel_vonnxAdd262_for_task1_AWLEN         |  out|    8|       m_axi|      kernel_vonnxAdd262_for_task1|       pointer|
|m_axi_kernel_vonnxAdd262_for_task1_AWSIZE        |  out|    3|       m_axi|      kernel_vonnxAdd262_for_task1|       pointer|
|m_axi_kernel_vonnxAdd262_for_task1_AWBURST       |  out|    2|       m_axi|      kernel_vonnxAdd262_for_task1|       pointer|
|m_axi_kernel_vonnxAdd262_for_task1_AWLOCK        |  out|    2|       m_axi|      kernel_vonnxAdd262_for_task1|       pointer|
|m_axi_kernel_vonnxAdd262_for_task1_AWCACHE       |  out|    4|       m_axi|      kernel_vonnxAdd262_for_task1|       pointer|
|m_axi_kernel_vonnxAdd262_for_task1_AWPROT        |  out|    3|       m_axi|      kernel_vonnxAdd262_for_task1|       pointer|
|m_axi_kernel_vonnxAdd262_for_task1_AWQOS         |  out|    4|       m_axi|      kernel_vonnxAdd262_for_task1|       pointer|
|m_axi_kernel_vonnxAdd262_for_task1_AWREGION      |  out|    4|       m_axi|      kernel_vonnxAdd262_for_task1|       pointer|
|m_axi_kernel_vonnxAdd262_for_task1_AWUSER        |  out|    1|       m_axi|      kernel_vonnxAdd262_for_task1|       pointer|
|m_axi_kernel_vonnxAdd262_for_task1_WVALID        |  out|    1|       m_axi|      kernel_vonnxAdd262_for_task1|       pointer|
|m_axi_kernel_vonnxAdd262_for_task1_WREADY        |   in|    1|       m_axi|      kernel_vonnxAdd262_for_task1|       pointer|
|m_axi_kernel_vonnxAdd262_for_task1_WDATA         |  out|  512|       m_axi|      kernel_vonnxAdd262_for_task1|       pointer|
|m_axi_kernel_vonnxAdd262_for_task1_WSTRB         |  out|   64|       m_axi|      kernel_vonnxAdd262_for_task1|       pointer|
|m_axi_kernel_vonnxAdd262_for_task1_WLAST         |  out|    1|       m_axi|      kernel_vonnxAdd262_for_task1|       pointer|
|m_axi_kernel_vonnxAdd262_for_task1_WID           |  out|    1|       m_axi|      kernel_vonnxAdd262_for_task1|       pointer|
|m_axi_kernel_vonnxAdd262_for_task1_WUSER         |  out|    1|       m_axi|      kernel_vonnxAdd262_for_task1|       pointer|
|m_axi_kernel_vonnxAdd262_for_task1_ARVALID       |  out|    1|       m_axi|      kernel_vonnxAdd262_for_task1|       pointer|
|m_axi_kernel_vonnxAdd262_for_task1_ARREADY       |   in|    1|       m_axi|      kernel_vonnxAdd262_for_task1|       pointer|
|m_axi_kernel_vonnxAdd262_for_task1_ARADDR        |  out|   64|       m_axi|      kernel_vonnxAdd262_for_task1|       pointer|
|m_axi_kernel_vonnxAdd262_for_task1_ARID          |  out|    1|       m_axi|      kernel_vonnxAdd262_for_task1|       pointer|
|m_axi_kernel_vonnxAdd262_for_task1_ARLEN         |  out|    8|       m_axi|      kernel_vonnxAdd262_for_task1|       pointer|
|m_axi_kernel_vonnxAdd262_for_task1_ARSIZE        |  out|    3|       m_axi|      kernel_vonnxAdd262_for_task1|       pointer|
|m_axi_kernel_vonnxAdd262_for_task1_ARBURST       |  out|    2|       m_axi|      kernel_vonnxAdd262_for_task1|       pointer|
|m_axi_kernel_vonnxAdd262_for_task1_ARLOCK        |  out|    2|       m_axi|      kernel_vonnxAdd262_for_task1|       pointer|
|m_axi_kernel_vonnxAdd262_for_task1_ARCACHE       |  out|    4|       m_axi|      kernel_vonnxAdd262_for_task1|       pointer|
|m_axi_kernel_vonnxAdd262_for_task1_ARPROT        |  out|    3|       m_axi|      kernel_vonnxAdd262_for_task1|       pointer|
|m_axi_kernel_vonnxAdd262_for_task1_ARQOS         |  out|    4|       m_axi|      kernel_vonnxAdd262_for_task1|       pointer|
|m_axi_kernel_vonnxAdd262_for_task1_ARREGION      |  out|    4|       m_axi|      kernel_vonnxAdd262_for_task1|       pointer|
|m_axi_kernel_vonnxAdd262_for_task1_ARUSER        |  out|    1|       m_axi|      kernel_vonnxAdd262_for_task1|       pointer|
|m_axi_kernel_vonnxAdd262_for_task1_RVALID        |   in|    1|       m_axi|      kernel_vonnxAdd262_for_task1|       pointer|
|m_axi_kernel_vonnxAdd262_for_task1_RREADY        |  out|    1|       m_axi|      kernel_vonnxAdd262_for_task1|       pointer|
|m_axi_kernel_vonnxAdd262_for_task1_RDATA         |   in|  512|       m_axi|      kernel_vonnxAdd262_for_task1|       pointer|
|m_axi_kernel_vonnxAdd262_for_task1_RLAST         |   in|    1|       m_axi|      kernel_vonnxAdd262_for_task1|       pointer|
|m_axi_kernel_vonnxAdd262_for_task1_RID           |   in|    1|       m_axi|      kernel_vonnxAdd262_for_task1|       pointer|
|m_axi_kernel_vonnxAdd262_for_task1_RUSER         |   in|    1|       m_axi|      kernel_vonnxAdd262_for_task1|       pointer|
|m_axi_kernel_vonnxAdd262_for_task1_RRESP         |   in|    2|       m_axi|      kernel_vonnxAdd262_for_task1|       pointer|
|m_axi_kernel_vonnxAdd262_for_task1_BVALID        |   in|    1|       m_axi|      kernel_vonnxAdd262_for_task1|       pointer|
|m_axi_kernel_vonnxAdd262_for_task1_BREADY        |  out|    1|       m_axi|      kernel_vonnxAdd262_for_task1|       pointer|
|m_axi_kernel_vonnxAdd262_for_task1_BRESP         |   in|    2|       m_axi|      kernel_vonnxAdd262_for_task1|       pointer|
|m_axi_kernel_vonnxAdd262_for_task1_BID           |   in|    1|       m_axi|      kernel_vonnxAdd262_for_task1|       pointer|
|m_axi_kernel_vonnxAdd262_for_task1_BUSER         |   in|    1|       m_axi|      kernel_vonnxAdd262_for_task1|       pointer|
|m_axi_kernel_vonnxAdd279_for_task2_AWVALID       |  out|    1|       m_axi|      kernel_vonnxAdd279_for_task2|       pointer|
|m_axi_kernel_vonnxAdd279_for_task2_AWREADY       |   in|    1|       m_axi|      kernel_vonnxAdd279_for_task2|       pointer|
|m_axi_kernel_vonnxAdd279_for_task2_AWADDR        |  out|   64|       m_axi|      kernel_vonnxAdd279_for_task2|       pointer|
|m_axi_kernel_vonnxAdd279_for_task2_AWID          |  out|    1|       m_axi|      kernel_vonnxAdd279_for_task2|       pointer|
|m_axi_kernel_vonnxAdd279_for_task2_AWLEN         |  out|    8|       m_axi|      kernel_vonnxAdd279_for_task2|       pointer|
|m_axi_kernel_vonnxAdd279_for_task2_AWSIZE        |  out|    3|       m_axi|      kernel_vonnxAdd279_for_task2|       pointer|
|m_axi_kernel_vonnxAdd279_for_task2_AWBURST       |  out|    2|       m_axi|      kernel_vonnxAdd279_for_task2|       pointer|
|m_axi_kernel_vonnxAdd279_for_task2_AWLOCK        |  out|    2|       m_axi|      kernel_vonnxAdd279_for_task2|       pointer|
|m_axi_kernel_vonnxAdd279_for_task2_AWCACHE       |  out|    4|       m_axi|      kernel_vonnxAdd279_for_task2|       pointer|
|m_axi_kernel_vonnxAdd279_for_task2_AWPROT        |  out|    3|       m_axi|      kernel_vonnxAdd279_for_task2|       pointer|
|m_axi_kernel_vonnxAdd279_for_task2_AWQOS         |  out|    4|       m_axi|      kernel_vonnxAdd279_for_task2|       pointer|
|m_axi_kernel_vonnxAdd279_for_task2_AWREGION      |  out|    4|       m_axi|      kernel_vonnxAdd279_for_task2|       pointer|
|m_axi_kernel_vonnxAdd279_for_task2_AWUSER        |  out|    1|       m_axi|      kernel_vonnxAdd279_for_task2|       pointer|
|m_axi_kernel_vonnxAdd279_for_task2_WVALID        |  out|    1|       m_axi|      kernel_vonnxAdd279_for_task2|       pointer|
|m_axi_kernel_vonnxAdd279_for_task2_WREADY        |   in|    1|       m_axi|      kernel_vonnxAdd279_for_task2|       pointer|
|m_axi_kernel_vonnxAdd279_for_task2_WDATA         |  out|  512|       m_axi|      kernel_vonnxAdd279_for_task2|       pointer|
|m_axi_kernel_vonnxAdd279_for_task2_WSTRB         |  out|   64|       m_axi|      kernel_vonnxAdd279_for_task2|       pointer|
|m_axi_kernel_vonnxAdd279_for_task2_WLAST         |  out|    1|       m_axi|      kernel_vonnxAdd279_for_task2|       pointer|
|m_axi_kernel_vonnxAdd279_for_task2_WID           |  out|    1|       m_axi|      kernel_vonnxAdd279_for_task2|       pointer|
|m_axi_kernel_vonnxAdd279_for_task2_WUSER         |  out|    1|       m_axi|      kernel_vonnxAdd279_for_task2|       pointer|
|m_axi_kernel_vonnxAdd279_for_task2_ARVALID       |  out|    1|       m_axi|      kernel_vonnxAdd279_for_task2|       pointer|
|m_axi_kernel_vonnxAdd279_for_task2_ARREADY       |   in|    1|       m_axi|      kernel_vonnxAdd279_for_task2|       pointer|
|m_axi_kernel_vonnxAdd279_for_task2_ARADDR        |  out|   64|       m_axi|      kernel_vonnxAdd279_for_task2|       pointer|
|m_axi_kernel_vonnxAdd279_for_task2_ARID          |  out|    1|       m_axi|      kernel_vonnxAdd279_for_task2|       pointer|
|m_axi_kernel_vonnxAdd279_for_task2_ARLEN         |  out|    8|       m_axi|      kernel_vonnxAdd279_for_task2|       pointer|
|m_axi_kernel_vonnxAdd279_for_task2_ARSIZE        |  out|    3|       m_axi|      kernel_vonnxAdd279_for_task2|       pointer|
|m_axi_kernel_vonnxAdd279_for_task2_ARBURST       |  out|    2|       m_axi|      kernel_vonnxAdd279_for_task2|       pointer|
|m_axi_kernel_vonnxAdd279_for_task2_ARLOCK        |  out|    2|       m_axi|      kernel_vonnxAdd279_for_task2|       pointer|
|m_axi_kernel_vonnxAdd279_for_task2_ARCACHE       |  out|    4|       m_axi|      kernel_vonnxAdd279_for_task2|       pointer|
|m_axi_kernel_vonnxAdd279_for_task2_ARPROT        |  out|    3|       m_axi|      kernel_vonnxAdd279_for_task2|       pointer|
|m_axi_kernel_vonnxAdd279_for_task2_ARQOS         |  out|    4|       m_axi|      kernel_vonnxAdd279_for_task2|       pointer|
|m_axi_kernel_vonnxAdd279_for_task2_ARREGION      |  out|    4|       m_axi|      kernel_vonnxAdd279_for_task2|       pointer|
|m_axi_kernel_vonnxAdd279_for_task2_ARUSER        |  out|    1|       m_axi|      kernel_vonnxAdd279_for_task2|       pointer|
|m_axi_kernel_vonnxAdd279_for_task2_RVALID        |   in|    1|       m_axi|      kernel_vonnxAdd279_for_task2|       pointer|
|m_axi_kernel_vonnxAdd279_for_task2_RREADY        |  out|    1|       m_axi|      kernel_vonnxAdd279_for_task2|       pointer|
|m_axi_kernel_vonnxAdd279_for_task2_RDATA         |   in|  512|       m_axi|      kernel_vonnxAdd279_for_task2|       pointer|
|m_axi_kernel_vonnxAdd279_for_task2_RLAST         |   in|    1|       m_axi|      kernel_vonnxAdd279_for_task2|       pointer|
|m_axi_kernel_vonnxAdd279_for_task2_RID           |   in|    1|       m_axi|      kernel_vonnxAdd279_for_task2|       pointer|
|m_axi_kernel_vonnxAdd279_for_task2_RUSER         |   in|    1|       m_axi|      kernel_vonnxAdd279_for_task2|       pointer|
|m_axi_kernel_vonnxAdd279_for_task2_RRESP         |   in|    2|       m_axi|      kernel_vonnxAdd279_for_task2|       pointer|
|m_axi_kernel_vonnxAdd279_for_task2_BVALID        |   in|    1|       m_axi|      kernel_vonnxAdd279_for_task2|       pointer|
|m_axi_kernel_vonnxAdd279_for_task2_BREADY        |  out|    1|       m_axi|      kernel_vonnxAdd279_for_task2|       pointer|
|m_axi_kernel_vonnxAdd279_for_task2_BRESP         |   in|    2|       m_axi|      kernel_vonnxAdd279_for_task2|       pointer|
|m_axi_kernel_vonnxAdd279_for_task2_BID           |   in|    1|       m_axi|      kernel_vonnxAdd279_for_task2|       pointer|
|m_axi_kernel_vonnxAdd279_for_task2_BUSER         |   in|    1|       m_axi|      kernel_vonnxAdd279_for_task2|       pointer|
|m_axi_kernel_vonnxDiv312_for_task3_AWVALID       |  out|    1|       m_axi|      kernel_vonnxDiv312_for_task3|       pointer|
|m_axi_kernel_vonnxDiv312_for_task3_AWREADY       |   in|    1|       m_axi|      kernel_vonnxDiv312_for_task3|       pointer|
|m_axi_kernel_vonnxDiv312_for_task3_AWADDR        |  out|   64|       m_axi|      kernel_vonnxDiv312_for_task3|       pointer|
|m_axi_kernel_vonnxDiv312_for_task3_AWID          |  out|    1|       m_axi|      kernel_vonnxDiv312_for_task3|       pointer|
|m_axi_kernel_vonnxDiv312_for_task3_AWLEN         |  out|    8|       m_axi|      kernel_vonnxDiv312_for_task3|       pointer|
|m_axi_kernel_vonnxDiv312_for_task3_AWSIZE        |  out|    3|       m_axi|      kernel_vonnxDiv312_for_task3|       pointer|
|m_axi_kernel_vonnxDiv312_for_task3_AWBURST       |  out|    2|       m_axi|      kernel_vonnxDiv312_for_task3|       pointer|
|m_axi_kernel_vonnxDiv312_for_task3_AWLOCK        |  out|    2|       m_axi|      kernel_vonnxDiv312_for_task3|       pointer|
|m_axi_kernel_vonnxDiv312_for_task3_AWCACHE       |  out|    4|       m_axi|      kernel_vonnxDiv312_for_task3|       pointer|
|m_axi_kernel_vonnxDiv312_for_task3_AWPROT        |  out|    3|       m_axi|      kernel_vonnxDiv312_for_task3|       pointer|
|m_axi_kernel_vonnxDiv312_for_task3_AWQOS         |  out|    4|       m_axi|      kernel_vonnxDiv312_for_task3|       pointer|
|m_axi_kernel_vonnxDiv312_for_task3_AWREGION      |  out|    4|       m_axi|      kernel_vonnxDiv312_for_task3|       pointer|
|m_axi_kernel_vonnxDiv312_for_task3_AWUSER        |  out|    1|       m_axi|      kernel_vonnxDiv312_for_task3|       pointer|
|m_axi_kernel_vonnxDiv312_for_task3_WVALID        |  out|    1|       m_axi|      kernel_vonnxDiv312_for_task3|       pointer|
|m_axi_kernel_vonnxDiv312_for_task3_WREADY        |   in|    1|       m_axi|      kernel_vonnxDiv312_for_task3|       pointer|
|m_axi_kernel_vonnxDiv312_for_task3_WDATA         |  out|  512|       m_axi|      kernel_vonnxDiv312_for_task3|       pointer|
|m_axi_kernel_vonnxDiv312_for_task3_WSTRB         |  out|   64|       m_axi|      kernel_vonnxDiv312_for_task3|       pointer|
|m_axi_kernel_vonnxDiv312_for_task3_WLAST         |  out|    1|       m_axi|      kernel_vonnxDiv312_for_task3|       pointer|
|m_axi_kernel_vonnxDiv312_for_task3_WID           |  out|    1|       m_axi|      kernel_vonnxDiv312_for_task3|       pointer|
|m_axi_kernel_vonnxDiv312_for_task3_WUSER         |  out|    1|       m_axi|      kernel_vonnxDiv312_for_task3|       pointer|
|m_axi_kernel_vonnxDiv312_for_task3_ARVALID       |  out|    1|       m_axi|      kernel_vonnxDiv312_for_task3|       pointer|
|m_axi_kernel_vonnxDiv312_for_task3_ARREADY       |   in|    1|       m_axi|      kernel_vonnxDiv312_for_task3|       pointer|
|m_axi_kernel_vonnxDiv312_for_task3_ARADDR        |  out|   64|       m_axi|      kernel_vonnxDiv312_for_task3|       pointer|
|m_axi_kernel_vonnxDiv312_for_task3_ARID          |  out|    1|       m_axi|      kernel_vonnxDiv312_for_task3|       pointer|
|m_axi_kernel_vonnxDiv312_for_task3_ARLEN         |  out|    8|       m_axi|      kernel_vonnxDiv312_for_task3|       pointer|
|m_axi_kernel_vonnxDiv312_for_task3_ARSIZE        |  out|    3|       m_axi|      kernel_vonnxDiv312_for_task3|       pointer|
|m_axi_kernel_vonnxDiv312_for_task3_ARBURST       |  out|    2|       m_axi|      kernel_vonnxDiv312_for_task3|       pointer|
|m_axi_kernel_vonnxDiv312_for_task3_ARLOCK        |  out|    2|       m_axi|      kernel_vonnxDiv312_for_task3|       pointer|
|m_axi_kernel_vonnxDiv312_for_task3_ARCACHE       |  out|    4|       m_axi|      kernel_vonnxDiv312_for_task3|       pointer|
|m_axi_kernel_vonnxDiv312_for_task3_ARPROT        |  out|    3|       m_axi|      kernel_vonnxDiv312_for_task3|       pointer|
|m_axi_kernel_vonnxDiv312_for_task3_ARQOS         |  out|    4|       m_axi|      kernel_vonnxDiv312_for_task3|       pointer|
|m_axi_kernel_vonnxDiv312_for_task3_ARREGION      |  out|    4|       m_axi|      kernel_vonnxDiv312_for_task3|       pointer|
|m_axi_kernel_vonnxDiv312_for_task3_ARUSER        |  out|    1|       m_axi|      kernel_vonnxDiv312_for_task3|       pointer|
|m_axi_kernel_vonnxDiv312_for_task3_RVALID        |   in|    1|       m_axi|      kernel_vonnxDiv312_for_task3|       pointer|
|m_axi_kernel_vonnxDiv312_for_task3_RREADY        |  out|    1|       m_axi|      kernel_vonnxDiv312_for_task3|       pointer|
|m_axi_kernel_vonnxDiv312_for_task3_RDATA         |   in|  512|       m_axi|      kernel_vonnxDiv312_for_task3|       pointer|
|m_axi_kernel_vonnxDiv312_for_task3_RLAST         |   in|    1|       m_axi|      kernel_vonnxDiv312_for_task3|       pointer|
|m_axi_kernel_vonnxDiv312_for_task3_RID           |   in|    1|       m_axi|      kernel_vonnxDiv312_for_task3|       pointer|
|m_axi_kernel_vonnxDiv312_for_task3_RUSER         |   in|    1|       m_axi|      kernel_vonnxDiv312_for_task3|       pointer|
|m_axi_kernel_vonnxDiv312_for_task3_RRESP         |   in|    2|       m_axi|      kernel_vonnxDiv312_for_task3|       pointer|
|m_axi_kernel_vonnxDiv312_for_task3_BVALID        |   in|    1|       m_axi|      kernel_vonnxDiv312_for_task3|       pointer|
|m_axi_kernel_vonnxDiv312_for_task3_BREADY        |  out|    1|       m_axi|      kernel_vonnxDiv312_for_task3|       pointer|
|m_axi_kernel_vonnxDiv312_for_task3_BRESP         |   in|    2|       m_axi|      kernel_vonnxDiv312_for_task3|       pointer|
|m_axi_kernel_vonnxDiv312_for_task3_BID           |   in|    1|       m_axi|      kernel_vonnxDiv312_for_task3|       pointer|
|m_axi_kernel_vonnxDiv312_for_task3_BUSER         |   in|    1|       m_axi|      kernel_vonnxDiv312_for_task3|       pointer|
|m_axi_kernel_vonnxMatMul1622_for_task0_AWVALID   |  out|    1|       m_axi|  kernel_vonnxMatMul1622_for_task0|       pointer|
|m_axi_kernel_vonnxMatMul1622_for_task0_AWREADY   |   in|    1|       m_axi|  kernel_vonnxMatMul1622_for_task0|       pointer|
|m_axi_kernel_vonnxMatMul1622_for_task0_AWADDR    |  out|   64|       m_axi|  kernel_vonnxMatMul1622_for_task0|       pointer|
|m_axi_kernel_vonnxMatMul1622_for_task0_AWID      |  out|    1|       m_axi|  kernel_vonnxMatMul1622_for_task0|       pointer|
|m_axi_kernel_vonnxMatMul1622_for_task0_AWLEN     |  out|    8|       m_axi|  kernel_vonnxMatMul1622_for_task0|       pointer|
|m_axi_kernel_vonnxMatMul1622_for_task0_AWSIZE    |  out|    3|       m_axi|  kernel_vonnxMatMul1622_for_task0|       pointer|
|m_axi_kernel_vonnxMatMul1622_for_task0_AWBURST   |  out|    2|       m_axi|  kernel_vonnxMatMul1622_for_task0|       pointer|
|m_axi_kernel_vonnxMatMul1622_for_task0_AWLOCK    |  out|    2|       m_axi|  kernel_vonnxMatMul1622_for_task0|       pointer|
|m_axi_kernel_vonnxMatMul1622_for_task0_AWCACHE   |  out|    4|       m_axi|  kernel_vonnxMatMul1622_for_task0|       pointer|
|m_axi_kernel_vonnxMatMul1622_for_task0_AWPROT    |  out|    3|       m_axi|  kernel_vonnxMatMul1622_for_task0|       pointer|
|m_axi_kernel_vonnxMatMul1622_for_task0_AWQOS     |  out|    4|       m_axi|  kernel_vonnxMatMul1622_for_task0|       pointer|
|m_axi_kernel_vonnxMatMul1622_for_task0_AWREGION  |  out|    4|       m_axi|  kernel_vonnxMatMul1622_for_task0|       pointer|
|m_axi_kernel_vonnxMatMul1622_for_task0_AWUSER    |  out|    1|       m_axi|  kernel_vonnxMatMul1622_for_task0|       pointer|
|m_axi_kernel_vonnxMatMul1622_for_task0_WVALID    |  out|    1|       m_axi|  kernel_vonnxMatMul1622_for_task0|       pointer|
|m_axi_kernel_vonnxMatMul1622_for_task0_WREADY    |   in|    1|       m_axi|  kernel_vonnxMatMul1622_for_task0|       pointer|
|m_axi_kernel_vonnxMatMul1622_for_task0_WDATA     |  out|  512|       m_axi|  kernel_vonnxMatMul1622_for_task0|       pointer|
|m_axi_kernel_vonnxMatMul1622_for_task0_WSTRB     |  out|   64|       m_axi|  kernel_vonnxMatMul1622_for_task0|       pointer|
|m_axi_kernel_vonnxMatMul1622_for_task0_WLAST     |  out|    1|       m_axi|  kernel_vonnxMatMul1622_for_task0|       pointer|
|m_axi_kernel_vonnxMatMul1622_for_task0_WID       |  out|    1|       m_axi|  kernel_vonnxMatMul1622_for_task0|       pointer|
|m_axi_kernel_vonnxMatMul1622_for_task0_WUSER     |  out|    1|       m_axi|  kernel_vonnxMatMul1622_for_task0|       pointer|
|m_axi_kernel_vonnxMatMul1622_for_task0_ARVALID   |  out|    1|       m_axi|  kernel_vonnxMatMul1622_for_task0|       pointer|
|m_axi_kernel_vonnxMatMul1622_for_task0_ARREADY   |   in|    1|       m_axi|  kernel_vonnxMatMul1622_for_task0|       pointer|
|m_axi_kernel_vonnxMatMul1622_for_task0_ARADDR    |  out|   64|       m_axi|  kernel_vonnxMatMul1622_for_task0|       pointer|
|m_axi_kernel_vonnxMatMul1622_for_task0_ARID      |  out|    1|       m_axi|  kernel_vonnxMatMul1622_for_task0|       pointer|
|m_axi_kernel_vonnxMatMul1622_for_task0_ARLEN     |  out|    8|       m_axi|  kernel_vonnxMatMul1622_for_task0|       pointer|
|m_axi_kernel_vonnxMatMul1622_for_task0_ARSIZE    |  out|    3|       m_axi|  kernel_vonnxMatMul1622_for_task0|       pointer|
|m_axi_kernel_vonnxMatMul1622_for_task0_ARBURST   |  out|    2|       m_axi|  kernel_vonnxMatMul1622_for_task0|       pointer|
|m_axi_kernel_vonnxMatMul1622_for_task0_ARLOCK    |  out|    2|       m_axi|  kernel_vonnxMatMul1622_for_task0|       pointer|
|m_axi_kernel_vonnxMatMul1622_for_task0_ARCACHE   |  out|    4|       m_axi|  kernel_vonnxMatMul1622_for_task0|       pointer|
|m_axi_kernel_vonnxMatMul1622_for_task0_ARPROT    |  out|    3|       m_axi|  kernel_vonnxMatMul1622_for_task0|       pointer|
|m_axi_kernel_vonnxMatMul1622_for_task0_ARQOS     |  out|    4|       m_axi|  kernel_vonnxMatMul1622_for_task0|       pointer|
|m_axi_kernel_vonnxMatMul1622_for_task0_ARREGION  |  out|    4|       m_axi|  kernel_vonnxMatMul1622_for_task0|       pointer|
|m_axi_kernel_vonnxMatMul1622_for_task0_ARUSER    |  out|    1|       m_axi|  kernel_vonnxMatMul1622_for_task0|       pointer|
|m_axi_kernel_vonnxMatMul1622_for_task0_RVALID    |   in|    1|       m_axi|  kernel_vonnxMatMul1622_for_task0|       pointer|
|m_axi_kernel_vonnxMatMul1622_for_task0_RREADY    |  out|    1|       m_axi|  kernel_vonnxMatMul1622_for_task0|       pointer|
|m_axi_kernel_vonnxMatMul1622_for_task0_RDATA     |   in|  512|       m_axi|  kernel_vonnxMatMul1622_for_task0|       pointer|
|m_axi_kernel_vonnxMatMul1622_for_task0_RLAST     |   in|    1|       m_axi|  kernel_vonnxMatMul1622_for_task0|       pointer|
|m_axi_kernel_vonnxMatMul1622_for_task0_RID       |   in|    1|       m_axi|  kernel_vonnxMatMul1622_for_task0|       pointer|
|m_axi_kernel_vonnxMatMul1622_for_task0_RUSER     |   in|    1|       m_axi|  kernel_vonnxMatMul1622_for_task0|       pointer|
|m_axi_kernel_vonnxMatMul1622_for_task0_RRESP     |   in|    2|       m_axi|  kernel_vonnxMatMul1622_for_task0|       pointer|
|m_axi_kernel_vonnxMatMul1622_for_task0_BVALID    |   in|    1|       m_axi|  kernel_vonnxMatMul1622_for_task0|       pointer|
|m_axi_kernel_vonnxMatMul1622_for_task0_BREADY    |  out|    1|       m_axi|  kernel_vonnxMatMul1622_for_task0|       pointer|
|m_axi_kernel_vonnxMatMul1622_for_task0_BRESP     |   in|    2|       m_axi|  kernel_vonnxMatMul1622_for_task0|       pointer|
|m_axi_kernel_vonnxMatMul1622_for_task0_BID       |   in|    1|       m_axi|  kernel_vonnxMatMul1622_for_task0|       pointer|
|m_axi_kernel_vonnxMatMul1622_for_task0_BUSER     |   in|    1|       m_axi|  kernel_vonnxMatMul1622_for_task0|       pointer|
|m_axi_kernel_vonnxMatMul1623_for_task1_AWVALID   |  out|    1|       m_axi|  kernel_vonnxMatMul1623_for_task1|       pointer|
|m_axi_kernel_vonnxMatMul1623_for_task1_AWREADY   |   in|    1|       m_axi|  kernel_vonnxMatMul1623_for_task1|       pointer|
|m_axi_kernel_vonnxMatMul1623_for_task1_AWADDR    |  out|   64|       m_axi|  kernel_vonnxMatMul1623_for_task1|       pointer|
|m_axi_kernel_vonnxMatMul1623_for_task1_AWID      |  out|    1|       m_axi|  kernel_vonnxMatMul1623_for_task1|       pointer|
|m_axi_kernel_vonnxMatMul1623_for_task1_AWLEN     |  out|    8|       m_axi|  kernel_vonnxMatMul1623_for_task1|       pointer|
|m_axi_kernel_vonnxMatMul1623_for_task1_AWSIZE    |  out|    3|       m_axi|  kernel_vonnxMatMul1623_for_task1|       pointer|
|m_axi_kernel_vonnxMatMul1623_for_task1_AWBURST   |  out|    2|       m_axi|  kernel_vonnxMatMul1623_for_task1|       pointer|
|m_axi_kernel_vonnxMatMul1623_for_task1_AWLOCK    |  out|    2|       m_axi|  kernel_vonnxMatMul1623_for_task1|       pointer|
|m_axi_kernel_vonnxMatMul1623_for_task1_AWCACHE   |  out|    4|       m_axi|  kernel_vonnxMatMul1623_for_task1|       pointer|
|m_axi_kernel_vonnxMatMul1623_for_task1_AWPROT    |  out|    3|       m_axi|  kernel_vonnxMatMul1623_for_task1|       pointer|
|m_axi_kernel_vonnxMatMul1623_for_task1_AWQOS     |  out|    4|       m_axi|  kernel_vonnxMatMul1623_for_task1|       pointer|
|m_axi_kernel_vonnxMatMul1623_for_task1_AWREGION  |  out|    4|       m_axi|  kernel_vonnxMatMul1623_for_task1|       pointer|
|m_axi_kernel_vonnxMatMul1623_for_task1_AWUSER    |  out|    1|       m_axi|  kernel_vonnxMatMul1623_for_task1|       pointer|
|m_axi_kernel_vonnxMatMul1623_for_task1_WVALID    |  out|    1|       m_axi|  kernel_vonnxMatMul1623_for_task1|       pointer|
|m_axi_kernel_vonnxMatMul1623_for_task1_WREADY    |   in|    1|       m_axi|  kernel_vonnxMatMul1623_for_task1|       pointer|
|m_axi_kernel_vonnxMatMul1623_for_task1_WDATA     |  out|  512|       m_axi|  kernel_vonnxMatMul1623_for_task1|       pointer|
|m_axi_kernel_vonnxMatMul1623_for_task1_WSTRB     |  out|   64|       m_axi|  kernel_vonnxMatMul1623_for_task1|       pointer|
|m_axi_kernel_vonnxMatMul1623_for_task1_WLAST     |  out|    1|       m_axi|  kernel_vonnxMatMul1623_for_task1|       pointer|
|m_axi_kernel_vonnxMatMul1623_for_task1_WID       |  out|    1|       m_axi|  kernel_vonnxMatMul1623_for_task1|       pointer|
|m_axi_kernel_vonnxMatMul1623_for_task1_WUSER     |  out|    1|       m_axi|  kernel_vonnxMatMul1623_for_task1|       pointer|
|m_axi_kernel_vonnxMatMul1623_for_task1_ARVALID   |  out|    1|       m_axi|  kernel_vonnxMatMul1623_for_task1|       pointer|
|m_axi_kernel_vonnxMatMul1623_for_task1_ARREADY   |   in|    1|       m_axi|  kernel_vonnxMatMul1623_for_task1|       pointer|
|m_axi_kernel_vonnxMatMul1623_for_task1_ARADDR    |  out|   64|       m_axi|  kernel_vonnxMatMul1623_for_task1|       pointer|
|m_axi_kernel_vonnxMatMul1623_for_task1_ARID      |  out|    1|       m_axi|  kernel_vonnxMatMul1623_for_task1|       pointer|
|m_axi_kernel_vonnxMatMul1623_for_task1_ARLEN     |  out|    8|       m_axi|  kernel_vonnxMatMul1623_for_task1|       pointer|
|m_axi_kernel_vonnxMatMul1623_for_task1_ARSIZE    |  out|    3|       m_axi|  kernel_vonnxMatMul1623_for_task1|       pointer|
|m_axi_kernel_vonnxMatMul1623_for_task1_ARBURST   |  out|    2|       m_axi|  kernel_vonnxMatMul1623_for_task1|       pointer|
|m_axi_kernel_vonnxMatMul1623_for_task1_ARLOCK    |  out|    2|       m_axi|  kernel_vonnxMatMul1623_for_task1|       pointer|
|m_axi_kernel_vonnxMatMul1623_for_task1_ARCACHE   |  out|    4|       m_axi|  kernel_vonnxMatMul1623_for_task1|       pointer|
|m_axi_kernel_vonnxMatMul1623_for_task1_ARPROT    |  out|    3|       m_axi|  kernel_vonnxMatMul1623_for_task1|       pointer|
|m_axi_kernel_vonnxMatMul1623_for_task1_ARQOS     |  out|    4|       m_axi|  kernel_vonnxMatMul1623_for_task1|       pointer|
|m_axi_kernel_vonnxMatMul1623_for_task1_ARREGION  |  out|    4|       m_axi|  kernel_vonnxMatMul1623_for_task1|       pointer|
|m_axi_kernel_vonnxMatMul1623_for_task1_ARUSER    |  out|    1|       m_axi|  kernel_vonnxMatMul1623_for_task1|       pointer|
|m_axi_kernel_vonnxMatMul1623_for_task1_RVALID    |   in|    1|       m_axi|  kernel_vonnxMatMul1623_for_task1|       pointer|
|m_axi_kernel_vonnxMatMul1623_for_task1_RREADY    |  out|    1|       m_axi|  kernel_vonnxMatMul1623_for_task1|       pointer|
|m_axi_kernel_vonnxMatMul1623_for_task1_RDATA     |   in|  512|       m_axi|  kernel_vonnxMatMul1623_for_task1|       pointer|
|m_axi_kernel_vonnxMatMul1623_for_task1_RLAST     |   in|    1|       m_axi|  kernel_vonnxMatMul1623_for_task1|       pointer|
|m_axi_kernel_vonnxMatMul1623_for_task1_RID       |   in|    1|       m_axi|  kernel_vonnxMatMul1623_for_task1|       pointer|
|m_axi_kernel_vonnxMatMul1623_for_task1_RUSER     |   in|    1|       m_axi|  kernel_vonnxMatMul1623_for_task1|       pointer|
|m_axi_kernel_vonnxMatMul1623_for_task1_RRESP     |   in|    2|       m_axi|  kernel_vonnxMatMul1623_for_task1|       pointer|
|m_axi_kernel_vonnxMatMul1623_for_task1_BVALID    |   in|    1|       m_axi|  kernel_vonnxMatMul1623_for_task1|       pointer|
|m_axi_kernel_vonnxMatMul1623_for_task1_BREADY    |  out|    1|       m_axi|  kernel_vonnxMatMul1623_for_task1|       pointer|
|m_axi_kernel_vonnxMatMul1623_for_task1_BRESP     |   in|    2|       m_axi|  kernel_vonnxMatMul1623_for_task1|       pointer|
|m_axi_kernel_vonnxMatMul1623_for_task1_BID       |   in|    1|       m_axi|  kernel_vonnxMatMul1623_for_task1|       pointer|
|m_axi_kernel_vonnxMatMul1623_for_task1_BUSER     |   in|    1|       m_axi|  kernel_vonnxMatMul1623_for_task1|       pointer|
|m_axi_kernel_vonnxMatMul1626_for_task2_AWVALID   |  out|    1|       m_axi|  kernel_vonnxMatMul1626_for_task2|       pointer|
|m_axi_kernel_vonnxMatMul1626_for_task2_AWREADY   |   in|    1|       m_axi|  kernel_vonnxMatMul1626_for_task2|       pointer|
|m_axi_kernel_vonnxMatMul1626_for_task2_AWADDR    |  out|   64|       m_axi|  kernel_vonnxMatMul1626_for_task2|       pointer|
|m_axi_kernel_vonnxMatMul1626_for_task2_AWID      |  out|    1|       m_axi|  kernel_vonnxMatMul1626_for_task2|       pointer|
|m_axi_kernel_vonnxMatMul1626_for_task2_AWLEN     |  out|    8|       m_axi|  kernel_vonnxMatMul1626_for_task2|       pointer|
|m_axi_kernel_vonnxMatMul1626_for_task2_AWSIZE    |  out|    3|       m_axi|  kernel_vonnxMatMul1626_for_task2|       pointer|
|m_axi_kernel_vonnxMatMul1626_for_task2_AWBURST   |  out|    2|       m_axi|  kernel_vonnxMatMul1626_for_task2|       pointer|
|m_axi_kernel_vonnxMatMul1626_for_task2_AWLOCK    |  out|    2|       m_axi|  kernel_vonnxMatMul1626_for_task2|       pointer|
|m_axi_kernel_vonnxMatMul1626_for_task2_AWCACHE   |  out|    4|       m_axi|  kernel_vonnxMatMul1626_for_task2|       pointer|
|m_axi_kernel_vonnxMatMul1626_for_task2_AWPROT    |  out|    3|       m_axi|  kernel_vonnxMatMul1626_for_task2|       pointer|
|m_axi_kernel_vonnxMatMul1626_for_task2_AWQOS     |  out|    4|       m_axi|  kernel_vonnxMatMul1626_for_task2|       pointer|
|m_axi_kernel_vonnxMatMul1626_for_task2_AWREGION  |  out|    4|       m_axi|  kernel_vonnxMatMul1626_for_task2|       pointer|
|m_axi_kernel_vonnxMatMul1626_for_task2_AWUSER    |  out|    1|       m_axi|  kernel_vonnxMatMul1626_for_task2|       pointer|
|m_axi_kernel_vonnxMatMul1626_for_task2_WVALID    |  out|    1|       m_axi|  kernel_vonnxMatMul1626_for_task2|       pointer|
|m_axi_kernel_vonnxMatMul1626_for_task2_WREADY    |   in|    1|       m_axi|  kernel_vonnxMatMul1626_for_task2|       pointer|
|m_axi_kernel_vonnxMatMul1626_for_task2_WDATA     |  out|  512|       m_axi|  kernel_vonnxMatMul1626_for_task2|       pointer|
|m_axi_kernel_vonnxMatMul1626_for_task2_WSTRB     |  out|   64|       m_axi|  kernel_vonnxMatMul1626_for_task2|       pointer|
|m_axi_kernel_vonnxMatMul1626_for_task2_WLAST     |  out|    1|       m_axi|  kernel_vonnxMatMul1626_for_task2|       pointer|
|m_axi_kernel_vonnxMatMul1626_for_task2_WID       |  out|    1|       m_axi|  kernel_vonnxMatMul1626_for_task2|       pointer|
|m_axi_kernel_vonnxMatMul1626_for_task2_WUSER     |  out|    1|       m_axi|  kernel_vonnxMatMul1626_for_task2|       pointer|
|m_axi_kernel_vonnxMatMul1626_for_task2_ARVALID   |  out|    1|       m_axi|  kernel_vonnxMatMul1626_for_task2|       pointer|
|m_axi_kernel_vonnxMatMul1626_for_task2_ARREADY   |   in|    1|       m_axi|  kernel_vonnxMatMul1626_for_task2|       pointer|
|m_axi_kernel_vonnxMatMul1626_for_task2_ARADDR    |  out|   64|       m_axi|  kernel_vonnxMatMul1626_for_task2|       pointer|
|m_axi_kernel_vonnxMatMul1626_for_task2_ARID      |  out|    1|       m_axi|  kernel_vonnxMatMul1626_for_task2|       pointer|
|m_axi_kernel_vonnxMatMul1626_for_task2_ARLEN     |  out|    8|       m_axi|  kernel_vonnxMatMul1626_for_task2|       pointer|
|m_axi_kernel_vonnxMatMul1626_for_task2_ARSIZE    |  out|    3|       m_axi|  kernel_vonnxMatMul1626_for_task2|       pointer|
|m_axi_kernel_vonnxMatMul1626_for_task2_ARBURST   |  out|    2|       m_axi|  kernel_vonnxMatMul1626_for_task2|       pointer|
|m_axi_kernel_vonnxMatMul1626_for_task2_ARLOCK    |  out|    2|       m_axi|  kernel_vonnxMatMul1626_for_task2|       pointer|
|m_axi_kernel_vonnxMatMul1626_for_task2_ARCACHE   |  out|    4|       m_axi|  kernel_vonnxMatMul1626_for_task2|       pointer|
|m_axi_kernel_vonnxMatMul1626_for_task2_ARPROT    |  out|    3|       m_axi|  kernel_vonnxMatMul1626_for_task2|       pointer|
|m_axi_kernel_vonnxMatMul1626_for_task2_ARQOS     |  out|    4|       m_axi|  kernel_vonnxMatMul1626_for_task2|       pointer|
|m_axi_kernel_vonnxMatMul1626_for_task2_ARREGION  |  out|    4|       m_axi|  kernel_vonnxMatMul1626_for_task2|       pointer|
|m_axi_kernel_vonnxMatMul1626_for_task2_ARUSER    |  out|    1|       m_axi|  kernel_vonnxMatMul1626_for_task2|       pointer|
|m_axi_kernel_vonnxMatMul1626_for_task2_RVALID    |   in|    1|       m_axi|  kernel_vonnxMatMul1626_for_task2|       pointer|
|m_axi_kernel_vonnxMatMul1626_for_task2_RREADY    |  out|    1|       m_axi|  kernel_vonnxMatMul1626_for_task2|       pointer|
|m_axi_kernel_vonnxMatMul1626_for_task2_RDATA     |   in|  512|       m_axi|  kernel_vonnxMatMul1626_for_task2|       pointer|
|m_axi_kernel_vonnxMatMul1626_for_task2_RLAST     |   in|    1|       m_axi|  kernel_vonnxMatMul1626_for_task2|       pointer|
|m_axi_kernel_vonnxMatMul1626_for_task2_RID       |   in|    1|       m_axi|  kernel_vonnxMatMul1626_for_task2|       pointer|
|m_axi_kernel_vonnxMatMul1626_for_task2_RUSER     |   in|    1|       m_axi|  kernel_vonnxMatMul1626_for_task2|       pointer|
|m_axi_kernel_vonnxMatMul1626_for_task2_RRESP     |   in|    2|       m_axi|  kernel_vonnxMatMul1626_for_task2|       pointer|
|m_axi_kernel_vonnxMatMul1626_for_task2_BVALID    |   in|    1|       m_axi|  kernel_vonnxMatMul1626_for_task2|       pointer|
|m_axi_kernel_vonnxMatMul1626_for_task2_BREADY    |  out|    1|       m_axi|  kernel_vonnxMatMul1626_for_task2|       pointer|
|m_axi_kernel_vonnxMatMul1626_for_task2_BRESP     |   in|    2|       m_axi|  kernel_vonnxMatMul1626_for_task2|       pointer|
|m_axi_kernel_vonnxMatMul1626_for_task2_BID       |   in|    1|       m_axi|  kernel_vonnxMatMul1626_for_task2|       pointer|
|m_axi_kernel_vonnxMatMul1626_for_task2_BUSER     |   in|    1|       m_axi|  kernel_vonnxMatMul1626_for_task2|       pointer|
|m_axi_kernel_vonnxMatMul257_for_task0_AWVALID    |  out|    1|       m_axi|   kernel_vonnxMatMul257_for_task0|       pointer|
|m_axi_kernel_vonnxMatMul257_for_task0_AWREADY    |   in|    1|       m_axi|   kernel_vonnxMatMul257_for_task0|       pointer|
|m_axi_kernel_vonnxMatMul257_for_task0_AWADDR     |  out|   64|       m_axi|   kernel_vonnxMatMul257_for_task0|       pointer|
|m_axi_kernel_vonnxMatMul257_for_task0_AWID       |  out|    1|       m_axi|   kernel_vonnxMatMul257_for_task0|       pointer|
|m_axi_kernel_vonnxMatMul257_for_task0_AWLEN      |  out|    8|       m_axi|   kernel_vonnxMatMul257_for_task0|       pointer|
|m_axi_kernel_vonnxMatMul257_for_task0_AWSIZE     |  out|    3|       m_axi|   kernel_vonnxMatMul257_for_task0|       pointer|
|m_axi_kernel_vonnxMatMul257_for_task0_AWBURST    |  out|    2|       m_axi|   kernel_vonnxMatMul257_for_task0|       pointer|
|m_axi_kernel_vonnxMatMul257_for_task0_AWLOCK     |  out|    2|       m_axi|   kernel_vonnxMatMul257_for_task0|       pointer|
|m_axi_kernel_vonnxMatMul257_for_task0_AWCACHE    |  out|    4|       m_axi|   kernel_vonnxMatMul257_for_task0|       pointer|
|m_axi_kernel_vonnxMatMul257_for_task0_AWPROT     |  out|    3|       m_axi|   kernel_vonnxMatMul257_for_task0|       pointer|
|m_axi_kernel_vonnxMatMul257_for_task0_AWQOS      |  out|    4|       m_axi|   kernel_vonnxMatMul257_for_task0|       pointer|
|m_axi_kernel_vonnxMatMul257_for_task0_AWREGION   |  out|    4|       m_axi|   kernel_vonnxMatMul257_for_task0|       pointer|
|m_axi_kernel_vonnxMatMul257_for_task0_AWUSER     |  out|    1|       m_axi|   kernel_vonnxMatMul257_for_task0|       pointer|
|m_axi_kernel_vonnxMatMul257_for_task0_WVALID     |  out|    1|       m_axi|   kernel_vonnxMatMul257_for_task0|       pointer|
|m_axi_kernel_vonnxMatMul257_for_task0_WREADY     |   in|    1|       m_axi|   kernel_vonnxMatMul257_for_task0|       pointer|
|m_axi_kernel_vonnxMatMul257_for_task0_WDATA      |  out|  512|       m_axi|   kernel_vonnxMatMul257_for_task0|       pointer|
|m_axi_kernel_vonnxMatMul257_for_task0_WSTRB      |  out|   64|       m_axi|   kernel_vonnxMatMul257_for_task0|       pointer|
|m_axi_kernel_vonnxMatMul257_for_task0_WLAST      |  out|    1|       m_axi|   kernel_vonnxMatMul257_for_task0|       pointer|
|m_axi_kernel_vonnxMatMul257_for_task0_WID        |  out|    1|       m_axi|   kernel_vonnxMatMul257_for_task0|       pointer|
|m_axi_kernel_vonnxMatMul257_for_task0_WUSER      |  out|    1|       m_axi|   kernel_vonnxMatMul257_for_task0|       pointer|
|m_axi_kernel_vonnxMatMul257_for_task0_ARVALID    |  out|    1|       m_axi|   kernel_vonnxMatMul257_for_task0|       pointer|
|m_axi_kernel_vonnxMatMul257_for_task0_ARREADY    |   in|    1|       m_axi|   kernel_vonnxMatMul257_for_task0|       pointer|
|m_axi_kernel_vonnxMatMul257_for_task0_ARADDR     |  out|   64|       m_axi|   kernel_vonnxMatMul257_for_task0|       pointer|
|m_axi_kernel_vonnxMatMul257_for_task0_ARID       |  out|    1|       m_axi|   kernel_vonnxMatMul257_for_task0|       pointer|
|m_axi_kernel_vonnxMatMul257_for_task0_ARLEN      |  out|    8|       m_axi|   kernel_vonnxMatMul257_for_task0|       pointer|
|m_axi_kernel_vonnxMatMul257_for_task0_ARSIZE     |  out|    3|       m_axi|   kernel_vonnxMatMul257_for_task0|       pointer|
|m_axi_kernel_vonnxMatMul257_for_task0_ARBURST    |  out|    2|       m_axi|   kernel_vonnxMatMul257_for_task0|       pointer|
|m_axi_kernel_vonnxMatMul257_for_task0_ARLOCK     |  out|    2|       m_axi|   kernel_vonnxMatMul257_for_task0|       pointer|
|m_axi_kernel_vonnxMatMul257_for_task0_ARCACHE    |  out|    4|       m_axi|   kernel_vonnxMatMul257_for_task0|       pointer|
|m_axi_kernel_vonnxMatMul257_for_task0_ARPROT     |  out|    3|       m_axi|   kernel_vonnxMatMul257_for_task0|       pointer|
|m_axi_kernel_vonnxMatMul257_for_task0_ARQOS      |  out|    4|       m_axi|   kernel_vonnxMatMul257_for_task0|       pointer|
|m_axi_kernel_vonnxMatMul257_for_task0_ARREGION   |  out|    4|       m_axi|   kernel_vonnxMatMul257_for_task0|       pointer|
|m_axi_kernel_vonnxMatMul257_for_task0_ARUSER     |  out|    1|       m_axi|   kernel_vonnxMatMul257_for_task0|       pointer|
|m_axi_kernel_vonnxMatMul257_for_task0_RVALID     |   in|    1|       m_axi|   kernel_vonnxMatMul257_for_task0|       pointer|
|m_axi_kernel_vonnxMatMul257_for_task0_RREADY     |  out|    1|       m_axi|   kernel_vonnxMatMul257_for_task0|       pointer|
|m_axi_kernel_vonnxMatMul257_for_task0_RDATA      |   in|  512|       m_axi|   kernel_vonnxMatMul257_for_task0|       pointer|
|m_axi_kernel_vonnxMatMul257_for_task0_RLAST      |   in|    1|       m_axi|   kernel_vonnxMatMul257_for_task0|       pointer|
|m_axi_kernel_vonnxMatMul257_for_task0_RID        |   in|    1|       m_axi|   kernel_vonnxMatMul257_for_task0|       pointer|
|m_axi_kernel_vonnxMatMul257_for_task0_RUSER      |   in|    1|       m_axi|   kernel_vonnxMatMul257_for_task0|       pointer|
|m_axi_kernel_vonnxMatMul257_for_task0_RRESP      |   in|    2|       m_axi|   kernel_vonnxMatMul257_for_task0|       pointer|
|m_axi_kernel_vonnxMatMul257_for_task0_BVALID     |   in|    1|       m_axi|   kernel_vonnxMatMul257_for_task0|       pointer|
|m_axi_kernel_vonnxMatMul257_for_task0_BREADY     |  out|    1|       m_axi|   kernel_vonnxMatMul257_for_task0|       pointer|
|m_axi_kernel_vonnxMatMul257_for_task0_BRESP      |   in|    2|       m_axi|   kernel_vonnxMatMul257_for_task0|       pointer|
|m_axi_kernel_vonnxMatMul257_for_task0_BID        |   in|    1|       m_axi|   kernel_vonnxMatMul257_for_task0|       pointer|
|m_axi_kernel_vonnxMatMul257_for_task0_BUSER      |   in|    1|       m_axi|   kernel_vonnxMatMul257_for_task0|       pointer|
|m_axi_kernel_vonnxMatMul257_for_task1_AWVALID    |  out|    1|       m_axi|   kernel_vonnxMatMul257_for_task1|       pointer|
|m_axi_kernel_vonnxMatMul257_for_task1_AWREADY    |   in|    1|       m_axi|   kernel_vonnxMatMul257_for_task1|       pointer|
|m_axi_kernel_vonnxMatMul257_for_task1_AWADDR     |  out|   64|       m_axi|   kernel_vonnxMatMul257_for_task1|       pointer|
|m_axi_kernel_vonnxMatMul257_for_task1_AWID       |  out|    1|       m_axi|   kernel_vonnxMatMul257_for_task1|       pointer|
|m_axi_kernel_vonnxMatMul257_for_task1_AWLEN      |  out|    8|       m_axi|   kernel_vonnxMatMul257_for_task1|       pointer|
|m_axi_kernel_vonnxMatMul257_for_task1_AWSIZE     |  out|    3|       m_axi|   kernel_vonnxMatMul257_for_task1|       pointer|
|m_axi_kernel_vonnxMatMul257_for_task1_AWBURST    |  out|    2|       m_axi|   kernel_vonnxMatMul257_for_task1|       pointer|
|m_axi_kernel_vonnxMatMul257_for_task1_AWLOCK     |  out|    2|       m_axi|   kernel_vonnxMatMul257_for_task1|       pointer|
|m_axi_kernel_vonnxMatMul257_for_task1_AWCACHE    |  out|    4|       m_axi|   kernel_vonnxMatMul257_for_task1|       pointer|
|m_axi_kernel_vonnxMatMul257_for_task1_AWPROT     |  out|    3|       m_axi|   kernel_vonnxMatMul257_for_task1|       pointer|
|m_axi_kernel_vonnxMatMul257_for_task1_AWQOS      |  out|    4|       m_axi|   kernel_vonnxMatMul257_for_task1|       pointer|
|m_axi_kernel_vonnxMatMul257_for_task1_AWREGION   |  out|    4|       m_axi|   kernel_vonnxMatMul257_for_task1|       pointer|
|m_axi_kernel_vonnxMatMul257_for_task1_AWUSER     |  out|    1|       m_axi|   kernel_vonnxMatMul257_for_task1|       pointer|
|m_axi_kernel_vonnxMatMul257_for_task1_WVALID     |  out|    1|       m_axi|   kernel_vonnxMatMul257_for_task1|       pointer|
|m_axi_kernel_vonnxMatMul257_for_task1_WREADY     |   in|    1|       m_axi|   kernel_vonnxMatMul257_for_task1|       pointer|
|m_axi_kernel_vonnxMatMul257_for_task1_WDATA      |  out|  512|       m_axi|   kernel_vonnxMatMul257_for_task1|       pointer|
|m_axi_kernel_vonnxMatMul257_for_task1_WSTRB      |  out|   64|       m_axi|   kernel_vonnxMatMul257_for_task1|       pointer|
|m_axi_kernel_vonnxMatMul257_for_task1_WLAST      |  out|    1|       m_axi|   kernel_vonnxMatMul257_for_task1|       pointer|
|m_axi_kernel_vonnxMatMul257_for_task1_WID        |  out|    1|       m_axi|   kernel_vonnxMatMul257_for_task1|       pointer|
|m_axi_kernel_vonnxMatMul257_for_task1_WUSER      |  out|    1|       m_axi|   kernel_vonnxMatMul257_for_task1|       pointer|
|m_axi_kernel_vonnxMatMul257_for_task1_ARVALID    |  out|    1|       m_axi|   kernel_vonnxMatMul257_for_task1|       pointer|
|m_axi_kernel_vonnxMatMul257_for_task1_ARREADY    |   in|    1|       m_axi|   kernel_vonnxMatMul257_for_task1|       pointer|
|m_axi_kernel_vonnxMatMul257_for_task1_ARADDR     |  out|   64|       m_axi|   kernel_vonnxMatMul257_for_task1|       pointer|
|m_axi_kernel_vonnxMatMul257_for_task1_ARID       |  out|    1|       m_axi|   kernel_vonnxMatMul257_for_task1|       pointer|
|m_axi_kernel_vonnxMatMul257_for_task1_ARLEN      |  out|    8|       m_axi|   kernel_vonnxMatMul257_for_task1|       pointer|
|m_axi_kernel_vonnxMatMul257_for_task1_ARSIZE     |  out|    3|       m_axi|   kernel_vonnxMatMul257_for_task1|       pointer|
|m_axi_kernel_vonnxMatMul257_for_task1_ARBURST    |  out|    2|       m_axi|   kernel_vonnxMatMul257_for_task1|       pointer|
|m_axi_kernel_vonnxMatMul257_for_task1_ARLOCK     |  out|    2|       m_axi|   kernel_vonnxMatMul257_for_task1|       pointer|
|m_axi_kernel_vonnxMatMul257_for_task1_ARCACHE    |  out|    4|       m_axi|   kernel_vonnxMatMul257_for_task1|       pointer|
|m_axi_kernel_vonnxMatMul257_for_task1_ARPROT     |  out|    3|       m_axi|   kernel_vonnxMatMul257_for_task1|       pointer|
|m_axi_kernel_vonnxMatMul257_for_task1_ARQOS      |  out|    4|       m_axi|   kernel_vonnxMatMul257_for_task1|       pointer|
|m_axi_kernel_vonnxMatMul257_for_task1_ARREGION   |  out|    4|       m_axi|   kernel_vonnxMatMul257_for_task1|       pointer|
|m_axi_kernel_vonnxMatMul257_for_task1_ARUSER     |  out|    1|       m_axi|   kernel_vonnxMatMul257_for_task1|       pointer|
|m_axi_kernel_vonnxMatMul257_for_task1_RVALID     |   in|    1|       m_axi|   kernel_vonnxMatMul257_for_task1|       pointer|
|m_axi_kernel_vonnxMatMul257_for_task1_RREADY     |  out|    1|       m_axi|   kernel_vonnxMatMul257_for_task1|       pointer|
|m_axi_kernel_vonnxMatMul257_for_task1_RDATA      |   in|  512|       m_axi|   kernel_vonnxMatMul257_for_task1|       pointer|
|m_axi_kernel_vonnxMatMul257_for_task1_RLAST      |   in|    1|       m_axi|   kernel_vonnxMatMul257_for_task1|       pointer|
|m_axi_kernel_vonnxMatMul257_for_task1_RID        |   in|    1|       m_axi|   kernel_vonnxMatMul257_for_task1|       pointer|
|m_axi_kernel_vonnxMatMul257_for_task1_RUSER      |   in|    1|       m_axi|   kernel_vonnxMatMul257_for_task1|       pointer|
|m_axi_kernel_vonnxMatMul257_for_task1_RRESP      |   in|    2|       m_axi|   kernel_vonnxMatMul257_for_task1|       pointer|
|m_axi_kernel_vonnxMatMul257_for_task1_BVALID     |   in|    1|       m_axi|   kernel_vonnxMatMul257_for_task1|       pointer|
|m_axi_kernel_vonnxMatMul257_for_task1_BREADY     |  out|    1|       m_axi|   kernel_vonnxMatMul257_for_task1|       pointer|
|m_axi_kernel_vonnxMatMul257_for_task1_BRESP      |   in|    2|       m_axi|   kernel_vonnxMatMul257_for_task1|       pointer|
|m_axi_kernel_vonnxMatMul257_for_task1_BID        |   in|    1|       m_axi|   kernel_vonnxMatMul257_for_task1|       pointer|
|m_axi_kernel_vonnxMatMul257_for_task1_BUSER      |   in|    1|       m_axi|   kernel_vonnxMatMul257_for_task1|       pointer|
|m_axi_kernel_vonnxMatMul257_for_task2_AWVALID    |  out|    1|       m_axi|   kernel_vonnxMatMul257_for_task2|       pointer|
|m_axi_kernel_vonnxMatMul257_for_task2_AWREADY    |   in|    1|       m_axi|   kernel_vonnxMatMul257_for_task2|       pointer|
|m_axi_kernel_vonnxMatMul257_for_task2_AWADDR     |  out|   64|       m_axi|   kernel_vonnxMatMul257_for_task2|       pointer|
|m_axi_kernel_vonnxMatMul257_for_task2_AWID       |  out|    1|       m_axi|   kernel_vonnxMatMul257_for_task2|       pointer|
|m_axi_kernel_vonnxMatMul257_for_task2_AWLEN      |  out|    8|       m_axi|   kernel_vonnxMatMul257_for_task2|       pointer|
|m_axi_kernel_vonnxMatMul257_for_task2_AWSIZE     |  out|    3|       m_axi|   kernel_vonnxMatMul257_for_task2|       pointer|
|m_axi_kernel_vonnxMatMul257_for_task2_AWBURST    |  out|    2|       m_axi|   kernel_vonnxMatMul257_for_task2|       pointer|
|m_axi_kernel_vonnxMatMul257_for_task2_AWLOCK     |  out|    2|       m_axi|   kernel_vonnxMatMul257_for_task2|       pointer|
|m_axi_kernel_vonnxMatMul257_for_task2_AWCACHE    |  out|    4|       m_axi|   kernel_vonnxMatMul257_for_task2|       pointer|
|m_axi_kernel_vonnxMatMul257_for_task2_AWPROT     |  out|    3|       m_axi|   kernel_vonnxMatMul257_for_task2|       pointer|
|m_axi_kernel_vonnxMatMul257_for_task2_AWQOS      |  out|    4|       m_axi|   kernel_vonnxMatMul257_for_task2|       pointer|
|m_axi_kernel_vonnxMatMul257_for_task2_AWREGION   |  out|    4|       m_axi|   kernel_vonnxMatMul257_for_task2|       pointer|
|m_axi_kernel_vonnxMatMul257_for_task2_AWUSER     |  out|    1|       m_axi|   kernel_vonnxMatMul257_for_task2|       pointer|
|m_axi_kernel_vonnxMatMul257_for_task2_WVALID     |  out|    1|       m_axi|   kernel_vonnxMatMul257_for_task2|       pointer|
|m_axi_kernel_vonnxMatMul257_for_task2_WREADY     |   in|    1|       m_axi|   kernel_vonnxMatMul257_for_task2|       pointer|
|m_axi_kernel_vonnxMatMul257_for_task2_WDATA      |  out|  512|       m_axi|   kernel_vonnxMatMul257_for_task2|       pointer|
|m_axi_kernel_vonnxMatMul257_for_task2_WSTRB      |  out|   64|       m_axi|   kernel_vonnxMatMul257_for_task2|       pointer|
|m_axi_kernel_vonnxMatMul257_for_task2_WLAST      |  out|    1|       m_axi|   kernel_vonnxMatMul257_for_task2|       pointer|
|m_axi_kernel_vonnxMatMul257_for_task2_WID        |  out|    1|       m_axi|   kernel_vonnxMatMul257_for_task2|       pointer|
|m_axi_kernel_vonnxMatMul257_for_task2_WUSER      |  out|    1|       m_axi|   kernel_vonnxMatMul257_for_task2|       pointer|
|m_axi_kernel_vonnxMatMul257_for_task2_ARVALID    |  out|    1|       m_axi|   kernel_vonnxMatMul257_for_task2|       pointer|
|m_axi_kernel_vonnxMatMul257_for_task2_ARREADY    |   in|    1|       m_axi|   kernel_vonnxMatMul257_for_task2|       pointer|
|m_axi_kernel_vonnxMatMul257_for_task2_ARADDR     |  out|   64|       m_axi|   kernel_vonnxMatMul257_for_task2|       pointer|
|m_axi_kernel_vonnxMatMul257_for_task2_ARID       |  out|    1|       m_axi|   kernel_vonnxMatMul257_for_task2|       pointer|
|m_axi_kernel_vonnxMatMul257_for_task2_ARLEN      |  out|    8|       m_axi|   kernel_vonnxMatMul257_for_task2|       pointer|
|m_axi_kernel_vonnxMatMul257_for_task2_ARSIZE     |  out|    3|       m_axi|   kernel_vonnxMatMul257_for_task2|       pointer|
|m_axi_kernel_vonnxMatMul257_for_task2_ARBURST    |  out|    2|       m_axi|   kernel_vonnxMatMul257_for_task2|       pointer|
|m_axi_kernel_vonnxMatMul257_for_task2_ARLOCK     |  out|    2|       m_axi|   kernel_vonnxMatMul257_for_task2|       pointer|
|m_axi_kernel_vonnxMatMul257_for_task2_ARCACHE    |  out|    4|       m_axi|   kernel_vonnxMatMul257_for_task2|       pointer|
|m_axi_kernel_vonnxMatMul257_for_task2_ARPROT     |  out|    3|       m_axi|   kernel_vonnxMatMul257_for_task2|       pointer|
|m_axi_kernel_vonnxMatMul257_for_task2_ARQOS      |  out|    4|       m_axi|   kernel_vonnxMatMul257_for_task2|       pointer|
|m_axi_kernel_vonnxMatMul257_for_task2_ARREGION   |  out|    4|       m_axi|   kernel_vonnxMatMul257_for_task2|       pointer|
|m_axi_kernel_vonnxMatMul257_for_task2_ARUSER     |  out|    1|       m_axi|   kernel_vonnxMatMul257_for_task2|       pointer|
|m_axi_kernel_vonnxMatMul257_for_task2_RVALID     |   in|    1|       m_axi|   kernel_vonnxMatMul257_for_task2|       pointer|
|m_axi_kernel_vonnxMatMul257_for_task2_RREADY     |  out|    1|       m_axi|   kernel_vonnxMatMul257_for_task2|       pointer|
|m_axi_kernel_vonnxMatMul257_for_task2_RDATA      |   in|  512|       m_axi|   kernel_vonnxMatMul257_for_task2|       pointer|
|m_axi_kernel_vonnxMatMul257_for_task2_RLAST      |   in|    1|       m_axi|   kernel_vonnxMatMul257_for_task2|       pointer|
|m_axi_kernel_vonnxMatMul257_for_task2_RID        |   in|    1|       m_axi|   kernel_vonnxMatMul257_for_task2|       pointer|
|m_axi_kernel_vonnxMatMul257_for_task2_RUSER      |   in|    1|       m_axi|   kernel_vonnxMatMul257_for_task2|       pointer|
|m_axi_kernel_vonnxMatMul257_for_task2_RRESP      |   in|    2|       m_axi|   kernel_vonnxMatMul257_for_task2|       pointer|
|m_axi_kernel_vonnxMatMul257_for_task2_BVALID     |   in|    1|       m_axi|   kernel_vonnxMatMul257_for_task2|       pointer|
|m_axi_kernel_vonnxMatMul257_for_task2_BREADY     |  out|    1|       m_axi|   kernel_vonnxMatMul257_for_task2|       pointer|
|m_axi_kernel_vonnxMatMul257_for_task2_BRESP      |   in|    2|       m_axi|   kernel_vonnxMatMul257_for_task2|       pointer|
|m_axi_kernel_vonnxMatMul257_for_task2_BID        |   in|    1|       m_axi|   kernel_vonnxMatMul257_for_task2|       pointer|
|m_axi_kernel_vonnxMatMul257_for_task2_BUSER      |   in|    1|       m_axi|   kernel_vonnxMatMul257_for_task2|       pointer|
|m_axi_kernel_vonnxMatMul310_for_task3_AWVALID    |  out|    1|       m_axi|   kernel_vonnxMatMul310_for_task3|       pointer|
|m_axi_kernel_vonnxMatMul310_for_task3_AWREADY    |   in|    1|       m_axi|   kernel_vonnxMatMul310_for_task3|       pointer|
|m_axi_kernel_vonnxMatMul310_for_task3_AWADDR     |  out|   64|       m_axi|   kernel_vonnxMatMul310_for_task3|       pointer|
|m_axi_kernel_vonnxMatMul310_for_task3_AWID       |  out|    1|       m_axi|   kernel_vonnxMatMul310_for_task3|       pointer|
|m_axi_kernel_vonnxMatMul310_for_task3_AWLEN      |  out|    8|       m_axi|   kernel_vonnxMatMul310_for_task3|       pointer|
|m_axi_kernel_vonnxMatMul310_for_task3_AWSIZE     |  out|    3|       m_axi|   kernel_vonnxMatMul310_for_task3|       pointer|
|m_axi_kernel_vonnxMatMul310_for_task3_AWBURST    |  out|    2|       m_axi|   kernel_vonnxMatMul310_for_task3|       pointer|
|m_axi_kernel_vonnxMatMul310_for_task3_AWLOCK     |  out|    2|       m_axi|   kernel_vonnxMatMul310_for_task3|       pointer|
|m_axi_kernel_vonnxMatMul310_for_task3_AWCACHE    |  out|    4|       m_axi|   kernel_vonnxMatMul310_for_task3|       pointer|
|m_axi_kernel_vonnxMatMul310_for_task3_AWPROT     |  out|    3|       m_axi|   kernel_vonnxMatMul310_for_task3|       pointer|
|m_axi_kernel_vonnxMatMul310_for_task3_AWQOS      |  out|    4|       m_axi|   kernel_vonnxMatMul310_for_task3|       pointer|
|m_axi_kernel_vonnxMatMul310_for_task3_AWREGION   |  out|    4|       m_axi|   kernel_vonnxMatMul310_for_task3|       pointer|
|m_axi_kernel_vonnxMatMul310_for_task3_AWUSER     |  out|    1|       m_axi|   kernel_vonnxMatMul310_for_task3|       pointer|
|m_axi_kernel_vonnxMatMul310_for_task3_WVALID     |  out|    1|       m_axi|   kernel_vonnxMatMul310_for_task3|       pointer|
|m_axi_kernel_vonnxMatMul310_for_task3_WREADY     |   in|    1|       m_axi|   kernel_vonnxMatMul310_for_task3|       pointer|
|m_axi_kernel_vonnxMatMul310_for_task3_WDATA      |  out|  512|       m_axi|   kernel_vonnxMatMul310_for_task3|       pointer|
|m_axi_kernel_vonnxMatMul310_for_task3_WSTRB      |  out|   64|       m_axi|   kernel_vonnxMatMul310_for_task3|       pointer|
|m_axi_kernel_vonnxMatMul310_for_task3_WLAST      |  out|    1|       m_axi|   kernel_vonnxMatMul310_for_task3|       pointer|
|m_axi_kernel_vonnxMatMul310_for_task3_WID        |  out|    1|       m_axi|   kernel_vonnxMatMul310_for_task3|       pointer|
|m_axi_kernel_vonnxMatMul310_for_task3_WUSER      |  out|    1|       m_axi|   kernel_vonnxMatMul310_for_task3|       pointer|
|m_axi_kernel_vonnxMatMul310_for_task3_ARVALID    |  out|    1|       m_axi|   kernel_vonnxMatMul310_for_task3|       pointer|
|m_axi_kernel_vonnxMatMul310_for_task3_ARREADY    |   in|    1|       m_axi|   kernel_vonnxMatMul310_for_task3|       pointer|
|m_axi_kernel_vonnxMatMul310_for_task3_ARADDR     |  out|   64|       m_axi|   kernel_vonnxMatMul310_for_task3|       pointer|
|m_axi_kernel_vonnxMatMul310_for_task3_ARID       |  out|    1|       m_axi|   kernel_vonnxMatMul310_for_task3|       pointer|
|m_axi_kernel_vonnxMatMul310_for_task3_ARLEN      |  out|    8|       m_axi|   kernel_vonnxMatMul310_for_task3|       pointer|
|m_axi_kernel_vonnxMatMul310_for_task3_ARSIZE     |  out|    3|       m_axi|   kernel_vonnxMatMul310_for_task3|       pointer|
|m_axi_kernel_vonnxMatMul310_for_task3_ARBURST    |  out|    2|       m_axi|   kernel_vonnxMatMul310_for_task3|       pointer|
|m_axi_kernel_vonnxMatMul310_for_task3_ARLOCK     |  out|    2|       m_axi|   kernel_vonnxMatMul310_for_task3|       pointer|
|m_axi_kernel_vonnxMatMul310_for_task3_ARCACHE    |  out|    4|       m_axi|   kernel_vonnxMatMul310_for_task3|       pointer|
|m_axi_kernel_vonnxMatMul310_for_task3_ARPROT     |  out|    3|       m_axi|   kernel_vonnxMatMul310_for_task3|       pointer|
|m_axi_kernel_vonnxMatMul310_for_task3_ARQOS      |  out|    4|       m_axi|   kernel_vonnxMatMul310_for_task3|       pointer|
|m_axi_kernel_vonnxMatMul310_for_task3_ARREGION   |  out|    4|       m_axi|   kernel_vonnxMatMul310_for_task3|       pointer|
|m_axi_kernel_vonnxMatMul310_for_task3_ARUSER     |  out|    1|       m_axi|   kernel_vonnxMatMul310_for_task3|       pointer|
|m_axi_kernel_vonnxMatMul310_for_task3_RVALID     |   in|    1|       m_axi|   kernel_vonnxMatMul310_for_task3|       pointer|
|m_axi_kernel_vonnxMatMul310_for_task3_RREADY     |  out|    1|       m_axi|   kernel_vonnxMatMul310_for_task3|       pointer|
|m_axi_kernel_vonnxMatMul310_for_task3_RDATA      |   in|  512|       m_axi|   kernel_vonnxMatMul310_for_task3|       pointer|
|m_axi_kernel_vonnxMatMul310_for_task3_RLAST      |   in|    1|       m_axi|   kernel_vonnxMatMul310_for_task3|       pointer|
|m_axi_kernel_vonnxMatMul310_for_task3_RID        |   in|    1|       m_axi|   kernel_vonnxMatMul310_for_task3|       pointer|
|m_axi_kernel_vonnxMatMul310_for_task3_RUSER      |   in|    1|       m_axi|   kernel_vonnxMatMul310_for_task3|       pointer|
|m_axi_kernel_vonnxMatMul310_for_task3_RRESP      |   in|    2|       m_axi|   kernel_vonnxMatMul310_for_task3|       pointer|
|m_axi_kernel_vonnxMatMul310_for_task3_BVALID     |   in|    1|       m_axi|   kernel_vonnxMatMul310_for_task3|       pointer|
|m_axi_kernel_vonnxMatMul310_for_task3_BREADY     |  out|    1|       m_axi|   kernel_vonnxMatMul310_for_task3|       pointer|
|m_axi_kernel_vonnxMatMul310_for_task3_BRESP      |   in|    2|       m_axi|   kernel_vonnxMatMul310_for_task3|       pointer|
|m_axi_kernel_vonnxMatMul310_for_task3_BID        |   in|    1|       m_axi|   kernel_vonnxMatMul310_for_task3|       pointer|
|m_axi_kernel_vonnxMatMul310_for_task3_BUSER      |   in|    1|       m_axi|   kernel_vonnxMatMul310_for_task3|       pointer|
|m_axi_kernel_vonnxMatMul311_for_task3_AWVALID    |  out|    1|       m_axi|   kernel_vonnxMatMul311_for_task3|       pointer|
|m_axi_kernel_vonnxMatMul311_for_task3_AWREADY    |   in|    1|       m_axi|   kernel_vonnxMatMul311_for_task3|       pointer|
|m_axi_kernel_vonnxMatMul311_for_task3_AWADDR     |  out|   64|       m_axi|   kernel_vonnxMatMul311_for_task3|       pointer|
|m_axi_kernel_vonnxMatMul311_for_task3_AWID       |  out|    1|       m_axi|   kernel_vonnxMatMul311_for_task3|       pointer|
|m_axi_kernel_vonnxMatMul311_for_task3_AWLEN      |  out|    8|       m_axi|   kernel_vonnxMatMul311_for_task3|       pointer|
|m_axi_kernel_vonnxMatMul311_for_task3_AWSIZE     |  out|    3|       m_axi|   kernel_vonnxMatMul311_for_task3|       pointer|
|m_axi_kernel_vonnxMatMul311_for_task3_AWBURST    |  out|    2|       m_axi|   kernel_vonnxMatMul311_for_task3|       pointer|
|m_axi_kernel_vonnxMatMul311_for_task3_AWLOCK     |  out|    2|       m_axi|   kernel_vonnxMatMul311_for_task3|       pointer|
|m_axi_kernel_vonnxMatMul311_for_task3_AWCACHE    |  out|    4|       m_axi|   kernel_vonnxMatMul311_for_task3|       pointer|
|m_axi_kernel_vonnxMatMul311_for_task3_AWPROT     |  out|    3|       m_axi|   kernel_vonnxMatMul311_for_task3|       pointer|
|m_axi_kernel_vonnxMatMul311_for_task3_AWQOS      |  out|    4|       m_axi|   kernel_vonnxMatMul311_for_task3|       pointer|
|m_axi_kernel_vonnxMatMul311_for_task3_AWREGION   |  out|    4|       m_axi|   kernel_vonnxMatMul311_for_task3|       pointer|
|m_axi_kernel_vonnxMatMul311_for_task3_AWUSER     |  out|    1|       m_axi|   kernel_vonnxMatMul311_for_task3|       pointer|
|m_axi_kernel_vonnxMatMul311_for_task3_WVALID     |  out|    1|       m_axi|   kernel_vonnxMatMul311_for_task3|       pointer|
|m_axi_kernel_vonnxMatMul311_for_task3_WREADY     |   in|    1|       m_axi|   kernel_vonnxMatMul311_for_task3|       pointer|
|m_axi_kernel_vonnxMatMul311_for_task3_WDATA      |  out|  512|       m_axi|   kernel_vonnxMatMul311_for_task3|       pointer|
|m_axi_kernel_vonnxMatMul311_for_task3_WSTRB      |  out|   64|       m_axi|   kernel_vonnxMatMul311_for_task3|       pointer|
|m_axi_kernel_vonnxMatMul311_for_task3_WLAST      |  out|    1|       m_axi|   kernel_vonnxMatMul311_for_task3|       pointer|
|m_axi_kernel_vonnxMatMul311_for_task3_WID        |  out|    1|       m_axi|   kernel_vonnxMatMul311_for_task3|       pointer|
|m_axi_kernel_vonnxMatMul311_for_task3_WUSER      |  out|    1|       m_axi|   kernel_vonnxMatMul311_for_task3|       pointer|
|m_axi_kernel_vonnxMatMul311_for_task3_ARVALID    |  out|    1|       m_axi|   kernel_vonnxMatMul311_for_task3|       pointer|
|m_axi_kernel_vonnxMatMul311_for_task3_ARREADY    |   in|    1|       m_axi|   kernel_vonnxMatMul311_for_task3|       pointer|
|m_axi_kernel_vonnxMatMul311_for_task3_ARADDR     |  out|   64|       m_axi|   kernel_vonnxMatMul311_for_task3|       pointer|
|m_axi_kernel_vonnxMatMul311_for_task3_ARID       |  out|    1|       m_axi|   kernel_vonnxMatMul311_for_task3|       pointer|
|m_axi_kernel_vonnxMatMul311_for_task3_ARLEN      |  out|    8|       m_axi|   kernel_vonnxMatMul311_for_task3|       pointer|
|m_axi_kernel_vonnxMatMul311_for_task3_ARSIZE     |  out|    3|       m_axi|   kernel_vonnxMatMul311_for_task3|       pointer|
|m_axi_kernel_vonnxMatMul311_for_task3_ARBURST    |  out|    2|       m_axi|   kernel_vonnxMatMul311_for_task3|       pointer|
|m_axi_kernel_vonnxMatMul311_for_task3_ARLOCK     |  out|    2|       m_axi|   kernel_vonnxMatMul311_for_task3|       pointer|
|m_axi_kernel_vonnxMatMul311_for_task3_ARCACHE    |  out|    4|       m_axi|   kernel_vonnxMatMul311_for_task3|       pointer|
|m_axi_kernel_vonnxMatMul311_for_task3_ARPROT     |  out|    3|       m_axi|   kernel_vonnxMatMul311_for_task3|       pointer|
|m_axi_kernel_vonnxMatMul311_for_task3_ARQOS      |  out|    4|       m_axi|   kernel_vonnxMatMul311_for_task3|       pointer|
|m_axi_kernel_vonnxMatMul311_for_task3_ARREGION   |  out|    4|       m_axi|   kernel_vonnxMatMul311_for_task3|       pointer|
|m_axi_kernel_vonnxMatMul311_for_task3_ARUSER     |  out|    1|       m_axi|   kernel_vonnxMatMul311_for_task3|       pointer|
|m_axi_kernel_vonnxMatMul311_for_task3_RVALID     |   in|    1|       m_axi|   kernel_vonnxMatMul311_for_task3|       pointer|
|m_axi_kernel_vonnxMatMul311_for_task3_RREADY     |  out|    1|       m_axi|   kernel_vonnxMatMul311_for_task3|       pointer|
|m_axi_kernel_vonnxMatMul311_for_task3_RDATA      |   in|  512|       m_axi|   kernel_vonnxMatMul311_for_task3|       pointer|
|m_axi_kernel_vonnxMatMul311_for_task3_RLAST      |   in|    1|       m_axi|   kernel_vonnxMatMul311_for_task3|       pointer|
|m_axi_kernel_vonnxMatMul311_for_task3_RID        |   in|    1|       m_axi|   kernel_vonnxMatMul311_for_task3|       pointer|
|m_axi_kernel_vonnxMatMul311_for_task3_RUSER      |   in|    1|       m_axi|   kernel_vonnxMatMul311_for_task3|       pointer|
|m_axi_kernel_vonnxMatMul311_for_task3_RRESP      |   in|    2|       m_axi|   kernel_vonnxMatMul311_for_task3|       pointer|
|m_axi_kernel_vonnxMatMul311_for_task3_BVALID     |   in|    1|       m_axi|   kernel_vonnxMatMul311_for_task3|       pointer|
|m_axi_kernel_vonnxMatMul311_for_task3_BREADY     |  out|    1|       m_axi|   kernel_vonnxMatMul311_for_task3|       pointer|
|m_axi_kernel_vonnxMatMul311_for_task3_BRESP      |   in|    2|       m_axi|   kernel_vonnxMatMul311_for_task3|       pointer|
|m_axi_kernel_vonnxMatMul311_for_task3_BID        |   in|    1|       m_axi|   kernel_vonnxMatMul311_for_task3|       pointer|
|m_axi_kernel_vonnxMatMul311_for_task3_BUSER      |   in|    1|       m_axi|   kernel_vonnxMatMul311_for_task3|       pointer|
+-------------------------------------------------+-----+-----+------------+----------------------------------+--------------+

