================================================================
== Utilization Estimates
================================================================
* Summary: 
+-----------------+---------+------+---------+---------+-----+
|       Name      | BRAM_18K|  DSP |    FF   |   LUT   | URAM|
+-----------------+---------+------+---------+---------+-----+
|DSP              |        -|     -|        -|        -|    -|
|Expression       |        -|     -|        0|    12345|    -|
|FIFO             |       24|     -|     3125|     1562|    -|
|Instance         |        -|   128|   360000|   670000|    -|
|Memory           |     3996|     -|      250|       48|    -|
|Multiplexer      |        -|     -|        -|     7100|    -|
|Register         |        -|     -|     3000|        -|    -|
+-----------------+---------+------+---------+---------+-----+
|Total            |     4020|   128|   366375|   691055|    0|
+-----------------+---------+------+---------+---------+-----+
|Available        |     7482| 10848|  5148416|  2574208| 1925|
+-----------------+---------+------+---------+---------+-----+
|Utilization (%)  |       53|     1|        7|       26|    0|
+-----------------+---------+------+---------+---------+-----+
